     VMA      LMA     Size Align Out     In      Symbol
       0        0        0     1 PAGE_SIZE = 512
       0        0        0     1 STACK_MIN_SIZE = DEFINED ( stack_min_size ) ? stack_min_size : 1500
       0        0        0     1 END_STACK = ORIGIN ( SRAM ) + LENGTH ( SRAM )
c0de0000 c0de0000    2ad3d     8 .text
c0de0000 c0de0000        0     1         _text = .
c0de0000 c0de0000        0     1         _nvram_start = .
c0de0000 c0de0000        a     2         build/flex/obj/app/src/main.o:(.boot)
c0de0000 c0de0000        0     1                 $t.16
c0de0001 c0de0001        a     1                 main
c0de000a c0de000a        0     1         _code = .
c0de000c c0de000c       40     4         build/flex/obj/app/ethereum-plugin-sdk/src/common_utils.o:(.text.array_bytes_string)
c0de000c c0de000c        0     1                 $t.0
c0de000d c0de000d       40     1                 array_bytes_string
c0de0048 c0de0048        0     1                 $d.1
c0de004c c0de004c       28     2         build/flex/obj/app/ethereum-plugin-sdk/src/common_utils.o:(.text.u64_from_BE)
c0de004c c0de004c        0     1                 $t.2
c0de004d c0de004d       28     1                 u64_from_BE
c0de0074 c0de0074       70     2         build/flex/obj/app/ethereum-plugin-sdk/src/common_utils.o:(.text.u64_to_string)
c0de0074 c0de0074        0     1                 $t.3
c0de0075 c0de0075       70     1                 u64_to_string
c0de00e4 c0de00e4       cc     4         build/flex/obj/app/ethereum-plugin-sdk/src/common_utils.o:(.text.uint256_to_decimal)
c0de00e4 c0de00e4        0     1                 $t.4
c0de00e5 c0de00e5       cc     1                 uint256_to_decimal
c0de01ac c0de01ac        0     1                 $d.5
c0de01b0 c0de01b0       1c     2         build/flex/obj/app/ethereum-plugin-sdk/src/common_utils.o:(.text.allzeroes)
c0de01b0 c0de01b0        0     1                 $t.6
c0de01b1 c0de01b1       1c     1                 allzeroes
c0de01cc c0de01cc       da     2         build/flex/obj/app/ethereum-plugin-sdk/src/common_utils.o:(.text.adjustDecimals)
c0de01cc c0de01cc        0     1                 $t.7
c0de01cd c0de01cd       da     1                 adjustDecimals
c0de02a8 c0de02a8       90     4         build/flex/obj/app/ethereum-plugin-sdk/src/common_utils.o:(.text.amountToString)
c0de02a8 c0de02a8        0     1                 $t.8
c0de02a9 c0de02a9       90     1                 amountToString
c0de0334 c0de0334        0     1                 $d.9
c0de0338 c0de0338       2a     2         build/flex/obj/app/ethereum-plugin-sdk/src/common_utils.o:(.text.getEthAddressFromRawKey)
c0de0338 c0de0338        0     1                 $t.10
c0de0339 c0de0339       2a     1                 getEthAddressFromRawKey
c0de0362 c0de0362       10     2         build/flex/obj/app/ethereum-plugin-sdk/src/common_utils.o:(.text.cx_keccak_256_hash)
c0de0362 c0de0362        0     1                 $t.11
c0de0363 c0de0363       10     1                 cx_keccak_256_hash
c0de0372 c0de0372       30     2         build/flex/obj/app/ethereum-plugin-sdk/src/common_utils.o:(.text.getEthAddressStringFromRawKey)
c0de0372 c0de0372        0     1                 $t.12
c0de0373 c0de0373       30     1                 getEthAddressStringFromRawKey
c0de03a4 c0de03a4       dc     4         build/flex/obj/app/ethereum-plugin-sdk/src/common_utils.o:(.text.getEthAddressStringFromBinary)
c0de03a4 c0de03a4        0     1                 $t.13
c0de03a5 c0de03a5       dc     1                 getEthAddressStringFromBinary
c0de0478 c0de0478        0     1                 $d.14
c0de0480 c0de0480       38     4         build/flex/obj/app/ethereum-plugin-sdk/src/common_utils.o:(.text.getEthDisplayableAddress)
c0de0480 c0de0480        0     1                 $t.15
c0de0481 c0de0481       38     1                 getEthDisplayableAddress
c0de04b4 c0de04b4        0     1                 $d.16
c0de04b8 c0de04b8       1c     2         build/flex/obj/app/ethereum-plugin-sdk/src/common_utils.o:(.text.ismaxint)
c0de04b8 c0de04b8        0     1                 $t.17
c0de04b9 c0de04b9       1c     1                 ismaxint
c0de04d4 c0de04d4       12     2         build/flex/obj/app/ethereum-plugin-sdk/src/plugin_utils.o:(.text.copy_address)
c0de04d4 c0de04d4        0     1                 $t.0
c0de04d5 c0de04d5       12     1                 copy_address
c0de04e6 c0de04e6        e     2         build/flex/obj/app/ethereum-plugin-sdk/src/plugin_utils.o:(.text.copy_parameter)
c0de04e6 c0de04e6        0     1                 $t.1
c0de04e7 c0de04e7        e     1                 copy_parameter
c0de04f4 c0de04f4       14     2         build/flex/obj/app/src/eth_plugin_handler.o:(.text.eth_plugin_prepare_init)
c0de04f4 c0de04f4        0     1                 $t.0
c0de04f5 c0de04f5       14     1                 eth_plugin_prepare_init
c0de0508 c0de0508       12     2         build/flex/obj/app/src/eth_plugin_handler.o:(.text.eth_plugin_prepare_provide_parameter)
c0de0508 c0de0508        0     1                 $t.1
c0de0509 c0de0509       12     1                 eth_plugin_prepare_provide_parameter
c0de051a c0de051a        6     2         build/flex/obj/app/src/eth_plugin_handler.o:(.text.eth_plugin_prepare_finalize)
c0de051a c0de051a        0     1                 $t.2
c0de051b c0de051b        6     1                 eth_plugin_prepare_finalize
c0de0520 c0de0520        6     2         build/flex/obj/app/src/eth_plugin_handler.o:(.text.eth_plugin_prepare_provide_info)
c0de0520 c0de0520        0     1                 $t.3
c0de0521 c0de0521        6     1                 eth_plugin_prepare_provide_info
c0de0526 c0de0526       16     2         build/flex/obj/app/src/eth_plugin_handler.o:(.text.eth_plugin_prepare_query_contract_id)
c0de0526 c0de0526        0     1                 $t.4
c0de0527 c0de0527       16     1                 eth_plugin_prepare_query_contract_id
c0de053c c0de053c       84     4         build/flex/obj/app/src/eth_plugin_handler.o:(.text.eth_plugin_prepare_query_contract_ui)
c0de053c c0de053c        0     1                 $t.5
c0de053d c0de053d       84     1                 eth_plugin_prepare_query_contract_ui
c0de05b8 c0de05b8        0     1                 $d.6
c0de05c0 c0de05c0      190     4         build/flex/obj/app/src/eth_plugin_handler.o:(.text.eth_plugin_perform_init)
c0de05c0 c0de05c0        0     1                 $t.7
c0de05c1 c0de05c1      190     1                 eth_plugin_perform_init
c0de0740 c0de0740        0     1                 $d.8
c0de0750 c0de0750      208     4         build/flex/obj/app/src/eth_plugin_handler.o:(.text.eth_plugin_call)
c0de0750 c0de0750        0     1                 $t.9
c0de0751 c0de0751      208     1                 eth_plugin_call
c0de0944 c0de0944        0     1                 $d.10
c0de0958 c0de0958       10     2         build/flex/obj/app/src/eth_plugin_handler.o:(.text.OUTLINED_FUNCTION_0)
c0de0958 c0de0958        0     1                 $t.11
c0de0959 c0de0959       10     1                 OUTLINED_FUNCTION_0
c0de0968 c0de0968        a     2         build/flex/obj/app/src/eth_plugin_handler.o:(.text.OUTLINED_FUNCTION_1)
c0de0968 c0de0968        0     1                 $t.12
c0de0969 c0de0969        a     1                 OUTLINED_FUNCTION_1
c0de0972 c0de0972       7a     2         build/flex/obj/app/src/eth_swap_utils.o:(.text.parse_swap_config)
c0de0972 c0de0972        0     1                 $t.0
c0de0973 c0de0973       7a     1                 parse_swap_config
c0de09ec c0de09ec       60     2         build/flex/obj/app/src/eth_swap_utils.o:(.text.parse_asset_info)
c0de09ec c0de09ec        0     1                 $t.1
c0de09ed c0de09ed       60     1                 parse_asset_info
c0de0a4c c0de0a4c       46     2         build/flex/obj/app/src/eth_swap_utils.o:(.text.get_asset_info_on_network)
c0de0a4c c0de0a4c        0     1                 $t.2
c0de0a4d c0de0a4d       46     1                 get_asset_info_on_network
c0de0a94 c0de0a94       84     4         build/flex/obj/app/src/eth_swap_utils.o:(.text.swap_check_destination)
c0de0a94 c0de0a94        0     1                 $t.3
c0de0a95 c0de0a95       84     1                 swap_check_destination
c0de0b0c c0de0b0c        0     1                 $d.4
c0de0b18 c0de0b18       58     4         build/flex/obj/app/src/eth_swap_utils.o:(.text.swap_check_amount)
c0de0b18 c0de0b18        0     1                 $t.5
c0de0b19 c0de0b19       58     1                 swap_check_amount
c0de0b68 c0de0b68        0     1                 $d.6
c0de0b70 c0de0b70       58     4         build/flex/obj/app/src/eth_swap_utils.o:(.text.swap_check_fee)
c0de0b70 c0de0b70        0     1                 $t.7
c0de0b71 c0de0b71       58     1                 swap_check_fee
c0de0bc0 c0de0bc0        0     1                 $d.8
c0de0bc8 c0de0bc8        c     2         build/flex/obj/app/src/eth_swap_utils.o:(.text.OUTLINED_FUNCTION_0)
c0de0bc8 c0de0bc8        0     1                 $t.9
c0de0bc9 c0de0bc9        c     1                 OUTLINED_FUNCTION_0
c0de0bd4 c0de0bd4        a     2         build/flex/obj/app/src/eth_swap_utils.o:(.text.OUTLINED_FUNCTION_1)
c0de0bd4 c0de0bd4        0     1                 $t.10
c0de0bd5 c0de0bd5        a     1                 OUTLINED_FUNCTION_1
c0de0bde c0de0bde        c     2         build/flex/obj/app/src/eth_swap_utils.o:(.text.OUTLINED_FUNCTION_2)
c0de0bde c0de0bde        0     1                 $t.11
c0de0bdf c0de0bdf        c     1                 OUTLINED_FUNCTION_2
c0de0bea c0de0bea        c     2         build/flex/obj/app/src/eth_swap_utils.o:(.text.OUTLINED_FUNCTION_3)
c0de0bea c0de0bea        0     1                 $t.12
c0de0beb c0de0beb        c     1                 OUTLINED_FUNCTION_3
c0de0bf6 c0de0bf6        8     2         build/flex/obj/app/src/eth_swap_utils.o:(.text.OUTLINED_FUNCTION_4)
c0de0bf6 c0de0bf6        0     1                 $t.13
c0de0bf7 c0de0bf7        8     1                 OUTLINED_FUNCTION_4
c0de0bfe c0de0bfe       3e     2         build/flex/obj/app/src/features/generic_tx_parser/calldata.o:(.text.calldata_init)
c0de0bfe c0de0bfe        0     1                 $t.0
c0de0bff c0de0bff       3e     1                 calldata_init
c0de0c3c c0de0c3c       24     2         build/flex/obj/app/src/features/generic_tx_parser/calldata.o:(.text.calldata_set_selector)
c0de0c3c c0de0c3c        0     1                 $t.1
c0de0c3d c0de0c3d       24     1                 calldata_set_selector
c0de0c60 c0de0c60      106     2         build/flex/obj/app/src/features/generic_tx_parser/calldata.o:(.text.calldata_append)
c0de0c60 c0de0c60        0     1                 $t.2
c0de0c61 c0de0c61      106     1                 calldata_append
c0de0d68 c0de0d68       20     4         build/flex/obj/app/src/features/generic_tx_parser/calldata.o:(.text.calldata_delete)
c0de0d68 c0de0d68        0     1                 $t.3
c0de0d69 c0de0d69       20     1                 calldata_delete
c0de0d84 c0de0d84        0     1                 $d.4
c0de0d88 c0de0d88       1c     2         build/flex/obj/app/src/features/generic_tx_parser/calldata.o:(.text.delete_calldata_chunk)
c0de0d88 c0de0d88        0     1                 $t.5
c0de0d89 c0de0d89       1c     1                 delete_calldata_chunk
c0de0da4 c0de0da4       14     2         build/flex/obj/app/src/features/generic_tx_parser/calldata.o:(.text.calldata_get_selector)
c0de0da4 c0de0da4        0     1                 $t.6
c0de0da5 c0de0da5       14     1                 calldata_get_selector
c0de0db8 c0de0db8       70     2         build/flex/obj/app/src/features/generic_tx_parser/calldata.o:(.text.calldata_get_chunk)
c0de0db8 c0de0db8        0     1                 $t.7
c0de0db9 c0de0db9       70     1                 calldata_get_chunk
c0de0e28 c0de0e28        a     2         build/flex/obj/app/src/features/generic_tx_parser/calldata.o:(.text.OUTLINED_FUNCTION_0)
c0de0e28 c0de0e28        0     1                 $t.9
c0de0e29 c0de0e29        a     1                 OUTLINED_FUNCTION_0
c0de0e34 c0de0e34       58     4         build/flex/obj/app/src/features/generic_tx_parser/cmd_field.o:(.text.handle_field)
c0de0e34 c0de0e34        0     1                 $t.0
c0de0e35 c0de0e35       58     1                 handle_field
c0de0e84 c0de0e84        0     1                 $d.1
c0de0e8c c0de0e8c       90     4         build/flex/obj/app/src/features/generic_tx_parser/cmd_field.o:(.text.handle_tlv_payload)
c0de0e8c c0de0e8c        0     1                 $t.2
c0de0e8d c0de0e8d       90     1                 handle_tlv_payload
c0de0f14 c0de0f14        0     1                 $d.3
c0de0f1c c0de0f1c       48     4         build/flex/obj/app/src/features/generic_tx_parser/cmd_tx_info.o:(.text.handle_tx_info)
c0de0f1c c0de0f1c        0     1                 $t.0
c0de0f1d c0de0f1d       48     1                 handle_tx_info
c0de0f5c c0de0f5c        0     1                 $d.1
c0de0f64 c0de0f64       7c     4         build/flex/obj/app/src/features/generic_tx_parser/cmd_tx_info.o:(.text.handle_tlv_payload)
c0de0f64 c0de0f64        0     1                 $t.2
c0de0f65 c0de0f65       7c     1                 handle_tlv_payload
c0de0fdc c0de0fdc        0     1                 $d.3
c0de0fe0 c0de0fe0      110     4         build/flex/obj/app/src/features/generic_tx_parser/gtp_data_path.o:(.text.handle_data_path_struct)
c0de0fe0 c0de0fe0        0     1                 $t.0
c0de0fe1 c0de0fe1      110     1                 handle_data_path_struct
c0de10e8 c0de10e8        0     1                 $d.1
c0de10f0 c0de10f0      2a0     2         build/flex/obj/app/src/features/generic_tx_parser/gtp_data_path.o:(.text.data_path_get)
c0de10f0 c0de10f0        0     1                 $t.2
c0de10f1 c0de10f1      2a0     1                 data_path_get
c0de1390 c0de1390       2a     2         build/flex/obj/app/src/features/generic_tx_parser/gtp_data_path.o:(.text.data_path_cleanup)
c0de1390 c0de1390        0     1                 $t.3
c0de1391 c0de1391       2a     1                 data_path_cleanup
c0de13ba c0de13ba       12     2         build/flex/obj/app/src/features/generic_tx_parser/gtp_data_path.o:(.text.OUTLINED_FUNCTION_0)
c0de13ba c0de13ba        0     1                 $t.4
c0de13bb c0de13bb       12     1                 OUTLINED_FUNCTION_0
c0de13cc c0de13cc        8     2         build/flex/obj/app/src/features/generic_tx_parser/gtp_data_path.o:(.text.OUTLINED_FUNCTION_1)
c0de13cc c0de13cc        0     1                 $t.5
c0de13cd c0de13cd        8     1                 OUTLINED_FUNCTION_1
c0de13d4 c0de13d4        e     2         build/flex/obj/app/src/features/generic_tx_parser/gtp_data_path.o:(.text.OUTLINED_FUNCTION_2)
c0de13d4 c0de13d4        0     1                 $t.6
c0de13d5 c0de13d5        e     1                 OUTLINED_FUNCTION_2
c0de13e2 c0de13e2        a     2         build/flex/obj/app/src/features/generic_tx_parser/gtp_data_path.o:(.text.OUTLINED_FUNCTION_3)
c0de13e2 c0de13e2        0     1                 $t.7
c0de13e3 c0de13e3        a     1                 OUTLINED_FUNCTION_3
c0de13ec c0de13ec      1f4     4         build/flex/obj/app/src/features/generic_tx_parser/gtp_field.o:(.text.handle_field_struct)
c0de13ec c0de13ec        0     1                 $t.0
c0de13ed c0de13ed      1f4     1                 handle_field_struct
c0de15b0 c0de15b0        0     1                 $d.1
c0de15e0 c0de15e0       2a     2         build/flex/obj/app/src/features/generic_tx_parser/gtp_field.o:(.text.verify_field_struct)
c0de15e0 c0de15e0        0     1                 $t.2
c0de15e1 c0de15e1       2a     1                 verify_field_struct
c0de160c c0de160c       c4     4         build/flex/obj/app/src/features/generic_tx_parser/gtp_field.o:(.text.format_field)
c0de160c c0de160c        0     1                 $t.3
c0de160d c0de160d       c4     1                 format_field
c0de16cc c0de16cc        0     1                 $d.4
c0de16d0 c0de16d0       1c     4         build/flex/obj/app/src/features/generic_tx_parser/gtp_field.o:(.text.cleanup_field_constraints)
c0de16d0 c0de16d0        0     1                 $t.5
c0de16d1 c0de16d1       1c     1                 cleanup_field_constraints
c0de16e8 c0de16e8        0     1                 $d.6
c0de16ec c0de16ec       20     2         build/flex/obj/app/src/features/generic_tx_parser/gtp_field.o:(.text.constraint_node_del)
c0de16ec c0de16ec        0     1                 $t.7
c0de16ed c0de16ed       20     1                 constraint_node_del
c0de170c c0de170c        8     2         build/flex/obj/app/src/features/generic_tx_parser/gtp_field.o:(.text.OUTLINED_FUNCTION_0)
c0de170c c0de170c        0     1                 $t.8
c0de170d c0de170d        8     1                 OUTLINED_FUNCTION_0
c0de1714 c0de1714       1c     4         build/flex/obj/app/src/features/generic_tx_parser/gtp_field_table.o:(.text.field_table_init)
c0de1714 c0de1714        0     1                 $t.0
c0de1715 c0de1715       1c     1                 field_table_init
c0de172c c0de172c        0     1                 $d.1
c0de1730 c0de1730       14     4         build/flex/obj/app/src/features/generic_tx_parser/gtp_field_table.o:(.text.field_table_cleanup)
c0de1730 c0de1730        0     1                 $t.2
c0de1731 c0de1731       14     1                 field_table_cleanup
c0de173c c0de173c        0     1                 $d.3
c0de1744 c0de1744       2c     4         build/flex/obj/app/src/features/generic_tx_parser/gtp_field_table.o:(.text.delete_table_node)
c0de1744 c0de1744        0     1                 $t.4
c0de1745 c0de1745       2c     1                 delete_table_node
c0de176c c0de176c        0     1                 $d.5
c0de1770 c0de1770      11c     4         build/flex/obj/app/src/features/generic_tx_parser/gtp_field_table.o:(.text.add_to_field_table)
c0de1770 c0de1770        0     1                 $t.6
c0de1771 c0de1771      11c     1                 add_to_field_table
c0de1880 c0de1880        0     1                 $d.7
c0de188c c0de188c       24     4         build/flex/obj/app/src/features/generic_tx_parser/gtp_field_table.o:(.text.set_intent_field)
c0de188c c0de188c        0     1                 $t.8
c0de188d c0de188d       24     1                 set_intent_field
c0de18a8 c0de18a8        0     1                 $d.9
c0de18b0 c0de18b0        c     4         build/flex/obj/app/src/features/generic_tx_parser/gtp_field_table.o:(.text.field_table_size)
c0de18b0 c0de18b0        0     1                 $t.10
c0de18b1 c0de18b1        c     1                 field_table_size
c0de18b8 c0de18b8        0     1                 $d.11
c0de18bc c0de18bc       24     4         build/flex/obj/app/src/features/generic_tx_parser/gtp_field_table.o:(.text.get_from_field_table)
c0de18bc c0de18bc        0     1                 $t.12
c0de18bd c0de18bd       24     1                 get_from_field_table
c0de18dc c0de18dc        0     1                 $d.13
c0de18e0 c0de18e0       44     4         build/flex/obj/app/src/features/generic_tx_parser/gtp_param_amount.o:(.text.handle_param_amount_struct)
c0de18e0 c0de18e0        0     1                 $t.0
c0de18e1 c0de18e1       44     1                 handle_param_amount_struct
c0de1920 c0de1920        0     1                 $d.1
c0de1924 c0de1924       b8     4         build/flex/obj/app/src/features/generic_tx_parser/gtp_param_amount.o:(.text.format_param_amount)
c0de1924 c0de1924        0     1                 $t.2
c0de1925 c0de1925       b8     1                 format_param_amount
c0de19d4 c0de19d4        0     1                 $d.3
c0de19dc c0de19dc       b8     4         build/flex/obj/app/src/features/generic_tx_parser/gtp_param_calldata.o:(.text.handle_param_calldata_struct)
c0de19dc c0de19dc        0     1                 $t.0
c0de19dd c0de19dd       b8     1                 handle_param_calldata_struct
c0de1a90 c0de1a90        0     1                 $d.1
c0de1a94 c0de1a94      2ac     4         build/flex/obj/app/src/features/generic_tx_parser/gtp_param_calldata.o:(.text.format_param_calldata)
c0de1a94 c0de1a94        0     1                 $t.2
c0de1a95 c0de1a95      2ac     1                 format_param_calldata
c0de1d38 c0de1d38        0     1                 $d.3
c0de1d40 c0de1d40        8     2         build/flex/obj/app/src/features/generic_tx_parser/gtp_param_calldata.o:(.text.OUTLINED_FUNCTION_0)
c0de1d40 c0de1d40        0     1                 $t.4
c0de1d41 c0de1d41        8     1                 OUTLINED_FUNCTION_0
c0de1d48 c0de1d48        6     2         build/flex/obj/app/src/features/generic_tx_parser/gtp_param_calldata.o:(.text.OUTLINED_FUNCTION_1)
c0de1d48 c0de1d48        0     1                 $t.5
c0de1d49 c0de1d49        6     1                 OUTLINED_FUNCTION_1
c0de1d4e c0de1d4e        8     2         build/flex/obj/app/src/features/generic_tx_parser/gtp_param_calldata.o:(.text.OUTLINED_FUNCTION_2)
c0de1d4e c0de1d4e        0     1                 $t.6
c0de1d4f c0de1d4f        8     1                 OUTLINED_FUNCTION_2
c0de1d58 c0de1d58       5c     4         build/flex/obj/app/src/features/generic_tx_parser/gtp_param_datetime.o:(.text.handle_param_datetime_struct)
c0de1d58 c0de1d58        0     1                 $t.0
c0de1d59 c0de1d59       5c     1                 handle_param_datetime_struct
c0de1db0 c0de1db0        0     1                 $d.1
c0de1db4 c0de1db4       fc     4         build/flex/obj/app/src/features/generic_tx_parser/gtp_param_datetime.o:(.text.format_param_datetime)
c0de1db4 c0de1db4        0     1                 $t.2
c0de1db5 c0de1db5       fc     1                 format_param_datetime
c0de1ea8 c0de1ea8        0     1                 $d.3
c0de1eb0 c0de1eb0       44     4         build/flex/obj/app/src/features/generic_tx_parser/gtp_param_duration.o:(.text.handle_param_duration_struct)
c0de1eb0 c0de1eb0        0     1                 $t.0
c0de1eb1 c0de1eb1       44     1                 handle_param_duration_struct
c0de1ef0 c0de1ef0        0     1                 $d.1
c0de1ef4 c0de1ef4      15c     4         build/flex/obj/app/src/features/generic_tx_parser/gtp_param_duration.o:(.text.format_param_duration)
c0de1ef4 c0de1ef4        0     1                 $t.2
c0de1ef5 c0de1ef5      15c     1                 format_param_duration
c0de2038 c0de2038        0     1                 $d.3
c0de2050 c0de2050       58     4         build/flex/obj/app/src/features/generic_tx_parser/gtp_param_enum.o:(.text.handle_param_enum_struct)
c0de2050 c0de2050        0     1                 $t.0
c0de2051 c0de2051       58     1                 handle_param_enum_struct
c0de20a4 c0de20a4        0     1                 $d.1
c0de20a8 c0de20a8       ac     4         build/flex/obj/app/src/features/generic_tx_parser/gtp_param_enum.o:(.text.format_param_enum)
c0de20a8 c0de20a8        0     1                 $t.2
c0de20a9 c0de20a9       ac     1                 format_param_enum
c0de2150 c0de2150        0     1                 $d.3
c0de2154 c0de2154       44     4         build/flex/obj/app/src/features/generic_tx_parser/gtp_param_network.o:(.text.handle_param_network_struct)
c0de2154 c0de2154        0     1                 $t.0
c0de2155 c0de2155       44     1                 handle_param_network_struct
c0de2194 c0de2194        0     1                 $d.1
c0de2198 c0de2198       b0     4         build/flex/obj/app/src/features/generic_tx_parser/gtp_param_network.o:(.text.format_param_network)
c0de2198 c0de2198        0     1                 $t.2
c0de2199 c0de2199       b0     1                 format_param_network
c0de2244 c0de2244        0     1                 $d.3
c0de2248 c0de2248       64     4         build/flex/obj/app/src/features/generic_tx_parser/gtp_param_nft.o:(.text.handle_param_nft_struct)
c0de2248 c0de2248        0     1                 $t.0
c0de2249 c0de2249       64     1                 handle_param_nft_struct
c0de22a4 c0de22a4        0     1                 $d.1
c0de22ac c0de22ac      110     4         build/flex/obj/app/src/features/generic_tx_parser/gtp_param_nft.o:(.text.format_param_nft)
c0de22ac c0de22ac        0     1                 $t.2
c0de22ad c0de22ad      110     1                 format_param_nft
c0de23b4 c0de23b4        0     1                 $d.3
c0de23bc c0de23bc       44     4         build/flex/obj/app/src/features/generic_tx_parser/gtp_param_raw.o:(.text.handle_param_raw_struct)
c0de23bc c0de23bc        0     1                 $t.0
c0de23bd c0de23bd       44     1                 handle_param_raw_struct
c0de23fc c0de23fc        0     1                 $d.1
c0de2400 c0de2400       88     2         build/flex/obj/app/src/features/generic_tx_parser/gtp_param_raw.o:(.text.format_uint)
c0de2400 c0de2400        0     1                 $t.2
c0de2401 c0de2401       88     1                 format_uint
c0de2488 c0de2488       20     2         build/flex/obj/app/src/features/generic_tx_parser/gtp_param_raw.o:(.text.apply_visibility_constraint)
c0de2488 c0de2488        0     1                 $t.3
c0de2489 c0de2489       20     1                 apply_visibility_constraint
c0de24a8 c0de24a8       e8     4         build/flex/obj/app/src/features/generic_tx_parser/gtp_param_raw.o:(.text.format_int)
c0de24a8 c0de24a8        0     1                 $t.4
c0de24a9 c0de24a9       e8     1                 format_int
c0de2580 c0de2580        0     1                 $d.5
c0de2590 c0de2590      27c     4         build/flex/obj/app/src/features/generic_tx_parser/gtp_param_raw.o:(.text.format_param_raw)
c0de2590 c0de2590        0     1                 $t.6
c0de2591 c0de2591      27c     1                 format_param_raw
c0de27ec c0de27ec        0     1                 $d.7
c0de280c c0de280c       12     2         build/flex/obj/app/src/features/generic_tx_parser/gtp_param_raw.o:(.text.OUTLINED_FUNCTION_0)
c0de280c c0de280c        0     1                 $t.8
c0de280d c0de280d       12     1                 OUTLINED_FUNCTION_0
c0de281e c0de281e        c     2         build/flex/obj/app/src/features/generic_tx_parser/gtp_param_raw.o:(.text.OUTLINED_FUNCTION_1)
c0de281e c0de281e        0     1                 $t.9
c0de281f c0de281f        c     1                 OUTLINED_FUNCTION_1
c0de282c c0de282c       78     4         build/flex/obj/app/src/features/generic_tx_parser/gtp_param_token.o:(.text.handle_param_token_struct)
c0de282c c0de282c        0     1                 $t.0
c0de282d c0de282d       78     1                 handle_param_token_struct
c0de28a0 c0de28a0        0     1                 $d.1
c0de28a4 c0de28a4       f0     4         build/flex/obj/app/src/features/generic_tx_parser/gtp_param_token.o:(.text.format_param_token)
c0de28a4 c0de28a4        0     1                 $t.2
c0de28a5 c0de28a5       f0     1                 format_param_token
c0de2990 c0de2990        0     1                 $d.3
c0de2994 c0de2994       f0     4         build/flex/obj/app/src/features/generic_tx_parser/gtp_param_token_amount.o:(.text.handle_param_token_amount_struct)
c0de2994 c0de2994        0     1                 $t.0
c0de2995 c0de2995       f0     1                 handle_param_token_amount_struct
c0de2a7c c0de2a7c        0     1                 $d.1
c0de2a84 c0de2a84      210     4         build/flex/obj/app/src/features/generic_tx_parser/gtp_param_token_amount.o:(.text.format_param_token_amount)
c0de2a84 c0de2a84        0     1                 $t.2
c0de2a85 c0de2a85      210     1                 format_param_token_amount
c0de2c7c c0de2c7c        0     1                 $d.3
c0de2c94 c0de2c94       c8     4         build/flex/obj/app/src/features/generic_tx_parser/gtp_param_trusted_name.o:(.text.handle_param_trusted_name_struct)
c0de2c94 c0de2c94        0     1                 $t.0
c0de2c95 c0de2c95       c8     1                 handle_param_trusted_name_struct
c0de2d58 c0de2d58        0     1                 $d.1
c0de2d5c c0de2d5c      160     4         build/flex/obj/app/src/features/generic_tx_parser/gtp_param_trusted_name.o:(.text.format_param_trusted_name)
c0de2d5c c0de2d5c        0     1                 $t.2
c0de2d5d c0de2d5d      160     1                 format_param_trusted_name
c0de2eb4 c0de2eb4        0     1                 $d.3
c0de2ebc c0de2ebc       64     2         build/flex/obj/app/src/features/generic_tx_parser/gtp_param_trusted_name.o:(.text.check_address_constraint)
c0de2ebc c0de2ebc        0     1                 $t.4
c0de2ebd c0de2ebd       64     1                 check_address_constraint
c0de2f20 c0de2f20       98     4         build/flex/obj/app/src/features/generic_tx_parser/gtp_param_unit.o:(.text.handle_param_unit_struct)
c0de2f20 c0de2f20        0     1                 $t.0
c0de2f21 c0de2f21       98     1                 handle_param_unit_struct
c0de2fb4 c0de2fb4        0     1                 $d.1
c0de2fb8 c0de2fb8       d4     4         build/flex/obj/app/src/features/generic_tx_parser/gtp_param_unit.o:(.text.format_param_unit)
c0de2fb8 c0de2fb8        0     1                 $t.2
c0de2fb9 c0de2fb9       d4     1                 format_param_unit
c0de3084 c0de3084        0     1                 $d.3
c0de308c c0de308c       58     2         build/flex/obj/app/src/features/generic_tx_parser/gtp_path_array.o:(.text.handle_array_struct)
c0de308c c0de308c        0     1                 $t.0
c0de308d c0de308d       58     1                 handle_array_struct
c0de30e4 c0de30e4       40     2         build/flex/obj/app/src/features/generic_tx_parser/gtp_path_slice.o:(.text.handle_slice_struct)
c0de30e4 c0de30e4        0     1                 $t.0
c0de30e5 c0de30e5       40     1                 handle_slice_struct
c0de3124 c0de3124      224     4         build/flex/obj/app/src/features/generic_tx_parser/gtp_tx_info.o:(.text.handle_tx_info_struct)
c0de3124 c0de3124        0     1                 $t.0
c0de3125 c0de3125      224     1                 handle_tx_info_struct
c0de3344 c0de3344        0     1                 $d.1
c0de3348 c0de3348       70     4         build/flex/obj/app/src/features/generic_tx_parser/gtp_tx_info.o:(.text.verify_tx_info_struct)
c0de3348 c0de3348        0     1                 $t.2
c0de3349 c0de3349       70     1                 verify_tx_info_struct
c0de33b4 c0de33b4        0     1                 $d.3
c0de33b8 c0de33b8       12     2         build/flex/obj/app/src/features/generic_tx_parser/gtp_tx_info.o:(.text.get_operation_type)
c0de33b8 c0de33b8        0     1                 $t.4
c0de33b9 c0de33b9       12     1                 get_operation_type
c0de33ca c0de33ca       12     2         build/flex/obj/app/src/features/generic_tx_parser/gtp_tx_info.o:(.text.get_creator_name)
c0de33ca c0de33ca        0     1                 $t.5
c0de33cb c0de33cb       12     1                 get_creator_name
c0de33dc c0de33dc       12     2         build/flex/obj/app/src/features/generic_tx_parser/gtp_tx_info.o:(.text.get_creator_legal_name)
c0de33dc c0de33dc        0     1                 $t.6
c0de33dd c0de33dd       12     1                 get_creator_legal_name
c0de33ee c0de33ee       12     2         build/flex/obj/app/src/features/generic_tx_parser/gtp_tx_info.o:(.text.get_creator_url)
c0de33ee c0de33ee        0     1                 $t.7
c0de33ef c0de33ef       12     1                 get_creator_url
c0de3400 c0de3400       12     2         build/flex/obj/app/src/features/generic_tx_parser/gtp_tx_info.o:(.text.get_contract_name)
c0de3400 c0de3400        0     1                 $t.8
c0de3401 c0de3401       12     1                 get_contract_name
c0de3412 c0de3412        8     2         build/flex/obj/app/src/features/generic_tx_parser/gtp_tx_info.o:(.text.get_contract_addr)
c0de3412 c0de3412        0     1                 $t.9
c0de3413 c0de3413        8     1                 get_contract_addr
c0de341a c0de341a       12     2         build/flex/obj/app/src/features/generic_tx_parser/gtp_tx_info.o:(.text.get_deploy_date)
c0de341a c0de341a        0     1                 $t.10
c0de341b c0de341b       12     1                 get_deploy_date
c0de342c c0de342c        8     2         build/flex/obj/app/src/features/generic_tx_parser/gtp_tx_info.o:(.text.delete_tx_info)
c0de342c c0de342c        0     1                 $t.11
c0de342d c0de342d        8     1                 delete_tx_info
c0de3434 c0de3434        a     2         build/flex/obj/app/src/features/generic_tx_parser/gtp_tx_info.o:(.text.OUTLINED_FUNCTION_0)
c0de3434 c0de3434        0     1                 $t.12
c0de3435 c0de3435        a     1                 OUTLINED_FUNCTION_0
c0de3440 c0de3440       c8     4         build/flex/obj/app/src/features/generic_tx_parser/gtp_value.o:(.text.handle_value_struct)
c0de3440 c0de3440        0     1                 $t.0
c0de3441 c0de3441       c8     1                 handle_value_struct
c0de3504 c0de3504        0     1                 $d.1
c0de3508 c0de3508       94     4         build/flex/obj/app/src/features/generic_tx_parser/gtp_value.o:(.text.value_get)
c0de3508 c0de3508        0     1                 $t.2
c0de3509 c0de3509       94     1                 value_get
c0de3598 c0de3598        0     1                 $d.3
c0de359c c0de359c        e     2         build/flex/obj/app/src/features/generic_tx_parser/gtp_value.o:(.text.value_cleanup)
c0de359c c0de359c        0     1                 $t.4
c0de359d c0de359d        e     1                 value_cleanup
c0de35ac c0de35ac       20     4         build/flex/obj/app/src/features/generic_tx_parser/tx_ctx.o:(.text.tx_ctx_is_root)
c0de35ac c0de35ac        0     1                 $t.0
c0de35ad c0de35ad       20     1                 tx_ctx_is_root
c0de35c8 c0de35c8        0     1                 $d.1
c0de35cc c0de35cc        c     4         build/flex/obj/app/src/features/generic_tx_parser/tx_ctx.o:(.text.get_tx_ctx_count)
c0de35cc c0de35cc        0     1                 $t.2
c0de35cd c0de35cd        c     1                 get_tx_ctx_count
c0de35d4 c0de35d4        0     1                 $d.3
c0de35d8 c0de35d8       10     4         build/flex/obj/app/src/features/generic_tx_parser/tx_ctx.o:(.text.get_fields_hash_ctx)
c0de35d8 c0de35d8        0     1                 $t.4
c0de35d9 c0de35d9       10     1                 get_fields_hash_ctx
c0de35e4 c0de35e4        0     1                 $d.5
c0de35e8 c0de35e8       14     4         build/flex/obj/app/src/features/generic_tx_parser/tx_ctx.o:(.text.get_current_tx_info)
c0de35e8 c0de35e8        0     1                 $t.6
c0de35e9 c0de35e9       14     1                 get_current_tx_info
c0de35f8 c0de35f8        0     1                 $d.7
c0de35fc c0de35fc       14     4         build/flex/obj/app/src/features/generic_tx_parser/tx_ctx.o:(.text.get_current_calldata)
c0de35fc c0de35fc        0     1                 $t.10
c0de35fd c0de35fd       14     1                 get_current_calldata
c0de360c c0de360c        0     1                 $d.11
c0de3610 c0de3610       14     4         build/flex/obj/app/src/features/generic_tx_parser/tx_ctx.o:(.text.get_root_calldata)
c0de3610 c0de3610        0     1                 $t.12
c0de3611 c0de3611       14     1                 get_root_calldata
c0de3620 c0de3620        0     1                 $d.13
c0de3624 c0de3624       14     4         build/flex/obj/app/src/features/generic_tx_parser/tx_ctx.o:(.text.get_current_tx_from)
c0de3624 c0de3624        0     1                 $t.14
c0de3625 c0de3625       14     1                 get_current_tx_from
c0de3634 c0de3634        0     1                 $d.15
c0de3638 c0de3638       14     4         build/flex/obj/app/src/features/generic_tx_parser/tx_ctx.o:(.text.get_current_tx_to)
c0de3638 c0de3638        0     1                 $t.16
c0de3639 c0de3639       14     1                 get_current_tx_to
c0de3648 c0de3648        0     1                 $d.17
c0de364c c0de364c       14     4         build/flex/obj/app/src/features/generic_tx_parser/tx_ctx.o:(.text.get_current_tx_amount)
c0de364c c0de364c        0     1                 $t.18
c0de364d c0de364d       14     1                 get_current_tx_amount
c0de365c c0de365c        0     1                 $d.19
c0de3660 c0de3660       18     4         build/flex/obj/app/src/features/generic_tx_parser/tx_ctx.o:(.text.get_current_tx_chain_id)
c0de3660 c0de3660        0     1                 $t.20
c0de3661 c0de3661       18     1                 get_current_tx_chain_id
c0de3674 c0de3674        0     1                 $d.21
c0de3678 c0de3678       58     4         build/flex/obj/app/src/features/generic_tx_parser/tx_ctx.o:(.text.validate_instruction_hash)
c0de3678 c0de3678        0     1                 $t.22
c0de3679 c0de3679       58     1                 validate_instruction_hash
c0de36cc c0de36cc        0     1                 $d.23
c0de36d0 c0de36d0       1c     4         build/flex/obj/app/src/features/generic_tx_parser/tx_ctx.o:(.text.tx_ctx_pop)
c0de36d0 c0de36d0        0     1                 $t.24
c0de36d1 c0de36d1       1c     1                 tx_ctx_pop
c0de36e4 c0de36e4        0     1                 $d.25
c0de36ec c0de36ec       22     2         build/flex/obj/app/src/features/generic_tx_parser/tx_ctx.o:(.text.delete_tx_ctx)
c0de36ec c0de36ec        0     1                 $t.26
c0de36ed c0de36ed       22     1                 delete_tx_ctx
c0de3710 c0de3710       28     4         build/flex/obj/app/src/features/generic_tx_parser/tx_ctx.o:(.text.process_empty_txs_before)
c0de3710 c0de3710        0     1                 $t.27
c0de3711 c0de3711       28     1                 process_empty_txs_before
c0de3734 c0de3734        0     1                 $d.28
c0de3738 c0de3738      138     4         build/flex/obj/app/src/features/generic_tx_parser/tx_ctx.o:(.text.process_empty_tx)
c0de3738 c0de3738        0     1                 $t.29
c0de3739 c0de3739      138     1                 process_empty_tx
c0de3850 c0de3850        0     1                 $d.30
c0de3870 c0de3870       28     4         build/flex/obj/app/src/features/generic_tx_parser/tx_ctx.o:(.text.process_empty_txs_after)
c0de3870 c0de3870        0     1                 $t.31
c0de3871 c0de3871       28     1                 process_empty_txs_after
c0de3894 c0de3894        0     1                 $d.32
c0de3898 c0de3898       90     4         build/flex/obj/app/src/features/generic_tx_parser/tx_ctx.o:(.text.find_matching_tx_ctx)
c0de3898 c0de3898        0     1                 $t.33
c0de3899 c0de3899       90     1                 find_matching_tx_ctx
c0de3924 c0de3924        0     1                 $d.34
c0de3928 c0de3928       9c     4         build/flex/obj/app/src/features/generic_tx_parser/tx_ctx.o:(.text.set_tx_info_into_tx_ctx)
c0de3928 c0de3928        0     1                 $t.35
c0de3929 c0de3929       9c     1                 set_tx_info_into_tx_ctx
c0de39bc c0de39bc        0     1                 $d.36
c0de39c4 c0de39c4      128     4         build/flex/obj/app/src/features/generic_tx_parser/tx_ctx.o:(.text.tx_ctx_init)
c0de39c4 c0de39c4        0     1                 $t.37
c0de39c5 c0de39c5      128     1                 tx_ctx_init
c0de3ae4 c0de3ae4        0     1                 $d.38
c0de3aec c0de3aec       3c     4         build/flex/obj/app/src/features/generic_tx_parser/tx_ctx.o:(.text.gcs_cleanup)
c0de3aec c0de3aec        0     1                 $t.39
c0de3aed c0de3aed       3c     1                 gcs_cleanup
c0de3b1c c0de3b1c        0     1                 $d.40
c0de3b28 c0de3b28       68     4         build/flex/obj/app/src/features/getAppConfiguration/cmd_getAppConfiguration.o:(.text.handleGetAppConfiguration)
c0de3b28 c0de3b28        0     1                 $t.0
c0de3b29 c0de3b29       68     1                 handleGetAppConfiguration
c0de3b84 c0de3b84        0     1                 $d.1
c0de3b90 c0de3b90       18     4         build/flex/obj/app/src/features/getChallenge/cmd_get_challenge.o:(.text.roll_challenge)
c0de3b90 c0de3b90        0     1                 $t.0
c0de3b91 c0de3b91       18     1                 roll_challenge
c0de3ba4 c0de3ba4        0     1                 $d.1
c0de3ba8 c0de3ba8       14     4         build/flex/obj/app/src/features/getChallenge/cmd_get_challenge.o:(.text.check_challenge)
c0de3ba8 c0de3ba8        0     1                 $t.4
c0de3ba9 c0de3ba9       14     1                 check_challenge
c0de3bb8 c0de3bb8        0     1                 $d.5
c0de3bbc c0de3bbc       30     4         build/flex/obj/app/src/features/getChallenge/cmd_get_challenge.o:(.text.handle_get_challenge)
c0de3bbc c0de3bbc        0     1                 $t.6
c0de3bbd c0de3bbd       30     1                 handle_get_challenge
c0de3be4 c0de3be4        0     1                 $d.7
c0de3bec c0de3bec       d8     4         build/flex/obj/app/src/features/getEth2PublicKey/cmd_getEth2PublicKey.o:(.text.getEth2PublicKey)
c0de3bec c0de3bec        0     1                 $t.0
c0de3bed c0de3bed       d8     1                 getEth2PublicKey
c0de3cc0 c0de3cc0        0     1                 $d.1
c0de3cc4 c0de3cc4       66     2         build/flex/obj/app/src/features/getEth2PublicKey/cmd_getEth2PublicKey.o:(.text.os_derive_eip2333_no_throw)
c0de3cc4 c0de3cc4        0     1                 $t.2
c0de3cc5 c0de3cc5       66     1                 os_derive_eip2333_no_throw
c0de3d2c c0de3d2c       7c     4         build/flex/obj/app/src/features/getEth2PublicKey/cmd_getEth2PublicKey.o:(.text.handleGetEth2PublicKey)
c0de3d2c c0de3d2c        0     1                 $t.3
c0de3d2d c0de3d2d       7c     1                 handleGetEth2PublicKey
c0de3da0 c0de3da0        0     1                 $d.4
c0de3da8 c0de3da8       20     4         build/flex/obj/app/src/features/getEth2PublicKey/logic_getEth2PublicKey.o:(.text.set_result_get_eth2_publicKey)
c0de3da8 c0de3da8        0     1                 $t.0
c0de3da9 c0de3da9       20     1                 set_result_get_eth2_publicKey
c0de3dc0 c0de3dc0        0     1                 $d.1
c0de3dc8 c0de3dc8      11c     4         build/flex/obj/app/src/features/getPublicKey/cmd_getPublicKey.o:(.text.handleGetPublicKey)
c0de3dc8 c0de3dc8        0     1                 $t.0
c0de3dc9 c0de3dc9      11c     1                 handleGetPublicKey
c0de3ed0 c0de3ed0        0     1                 $d.1
c0de3ee4 c0de3ee4       24     2         build/flex/obj/app/src/features/getPublicKey/getPublicKey.o:(.text.get_public_key_string)
c0de3ee4 c0de3ee4        0     1                 $t.0
c0de3ee5 c0de3ee5       24     1                 get_public_key_string
c0de3f08 c0de3f08       26     2         build/flex/obj/app/src/features/getPublicKey/getPublicKey.o:(.text.bip32_derive_get_pubkey_256)
c0de3f08 c0de3f08        0     1                 $t.1
c0de3f09 c0de3f09       26     1                 bip32_derive_get_pubkey_256
c0de3f30 c0de3f30       3c     4         build/flex/obj/app/src/features/getPublicKey/getPublicKey.o:(.text.get_public_key)
c0de3f30 c0de3f30        0     1                 $t.2
c0de3f31 c0de3f31       3c     1                 get_public_key
c0de3f68 c0de3f68        0     1                 $d.3
c0de3f6c c0de3f6c       5c     4         build/flex/obj/app/src/features/getPublicKey/getPublicKey.o:(.text.set_result_get_publicKey)
c0de3f6c c0de3f6c        0     1                 $t.4
c0de3f6d c0de3f6d       5c     1                 set_result_get_publicKey
c0de3fc0 c0de3fc0        0     1                 $d.5
c0de3fc8 c0de3fc8       16     2         build/flex/obj/app/src/features/getPublicKey/ui_common_getPublicKey.o:(.text.io_seproxyhal_touch_address_ok)
c0de3fc8 c0de3fc8        0     1                 $t.0
c0de3fc9 c0de3fc9       16     1                 io_seproxyhal_touch_address_ok
c0de3fde c0de3fde       12     2         build/flex/obj/app/src/features/getPublicKey/ui_common_getPublicKey.o:(.text.io_seproxyhal_touch_address_cancel)
c0de3fde c0de3fde        0     1                 $t.1
c0de3fdf c0de3fdf       12     1                 io_seproxyhal_touch_address_cancel
c0de3ff0 c0de3ff0       3a     2         build/flex/obj/app/src/features/performPrivacyOperation/cmd_performPrivacyOperation.o:(.text.decodeScalar)
c0de3ff0 c0de3ff0        0     1                 $t.0
c0de3ff1 c0de3ff1       3a     1                 decodeScalar
c0de402c c0de402c      194     4         build/flex/obj/app/src/features/performPrivacyOperation/cmd_performPrivacyOperation.o:(.text.handlePerformPrivacyOperation)
c0de402c c0de402c        0     1                 $t.1
c0de402d c0de402d      194     1                 handlePerformPrivacyOperation
c0de41ac c0de41ac        0     1                 $d.2
c0de41c0 c0de41c0       74     2         build/flex/obj/app/src/features/performPrivacyOperation/cmd_performPrivacyOperation.o:(.text.os_derive_bip32_with_seed_no_throw)
c0de41c0 c0de41c0        0     1                 $t.3
c0de41c1 c0de41c1       74     1                 os_derive_bip32_with_seed_no_throw
c0de4234 c0de4234       28     4         build/flex/obj/app/src/features/performPrivacyOperation/logic_performPrivacyOperation.o:(.text.set_result_perform_privacy_operation)
c0de4234 c0de4234        0     1                 $t.0
c0de4235 c0de4235       28     1                 set_result_perform_privacy_operation
c0de4254 c0de4254        0     1                 $d.1
c0de425c c0de425c       16     2         build/flex/obj/app/src/features/performPrivacyOperation/ui_common_performPrivacyOperation.o:(.text.io_seproxyhal_touch_privacy_ok)
c0de425c c0de425c        0     1                 $t.0
c0de425d c0de425d       16     1                 io_seproxyhal_touch_privacy_ok
c0de4272 c0de4272       12     2         build/flex/obj/app/src/features/performPrivacyOperation/ui_common_performPrivacyOperation.o:(.text.io_seproxyhal_touch_privacy_cancel)
c0de4272 c0de4272        0     1                 $t.1
c0de4273 c0de4273       12     1                 io_seproxyhal_touch_privacy_cancel
c0de4284 c0de4284       e4     4         build/flex/obj/app/src/features/provideErc20TokenInformation/cmd_provideTokenInfo.o:(.text.handleProvideErc20TokenInformation)
c0de4284 c0de4284        0     1                 $t.0
c0de4285 c0de4285       e4     1                 handleProvideErc20TokenInformation
c0de4358 c0de4358        0     1                 $d.1
c0de4368 c0de4368       18     2         build/flex/obj/app/src/features/provideErc20TokenInformation/cmd_provideTokenInfo.o:(.text.U4BE)
c0de4368 c0de4368        0     1                 $t.2
c0de4369 c0de4369       18     1                 U4BE
c0de4380 c0de4380      10c     4         build/flex/obj/app/src/features/provideNFTInformation/cmd_provideNFTInfo.o:(.text.handleProvideNFTInformation)
c0de4380 c0de4380        0     1                 $t.0
c0de4381 c0de4381      10c     1                 handleProvideNFTInformation
c0de447c c0de447c        0     1                 $d.1
c0de448c c0de448c       2c     4         build/flex/obj/app/src/features/provide_enum_value/cmd_enum_value.o:(.text.handle_enum_value)
c0de448c c0de448c        0     1                 $t.0
c0de448d c0de448d       2c     1                 handle_enum_value
c0de44b4 c0de44b4        0     1                 $d.1
c0de44b8 c0de44b8       40     4         build/flex/obj/app/src/features/provide_enum_value/cmd_enum_value.o:(.text.handle_tlv_payload)
c0de44b8 c0de44b8        0     1                 $t.2
c0de44b9 c0de44b9       40     1                 handle_tlv_payload
c0de44f4 c0de44f4        0     1                 $d.3
c0de44f8 c0de44f8       ec     2         build/flex/obj/app/src/features/provide_enum_value/enum_value.o:(.text.handle_enum_value_struct)
c0de44f8 c0de44f8        0     1                 $t.0
c0de44f9 c0de44f9       ec     1                 handle_enum_value_struct
c0de45e4 c0de45e4       7c     4         build/flex/obj/app/src/features/provide_enum_value/enum_value.o:(.text.verify_enum_value_struct)
c0de45e4 c0de45e4        0     1                 $t.1
c0de45e5 c0de45e5       7c     1                 verify_enum_value_struct
c0de4658 c0de4658        0     1                 $d.2
c0de4660 c0de4660       98     4         build/flex/obj/app/src/features/provide_enum_value/enum_value.o:(.text.get_matching_enum)
c0de4660 c0de4660        0     1                 $t.3
c0de4661 c0de4661       98     1                 get_matching_enum
c0de46f4 c0de46f4        0     1                 $d.4
c0de46f8 c0de46f8       20     4         build/flex/obj/app/src/features/provide_enum_value/enum_value.o:(.text.enum_value_cleanup)
c0de46f8 c0de46f8        0     1                 $t.5
c0de46f9 c0de46f9       20     1                 enum_value_cleanup
c0de4710 c0de4710        0     1                 $d.6
c0de4718 c0de4718        8     2         build/flex/obj/app/src/features/provide_enum_value/enum_value.o:(.text.delete_enum_value)
c0de4718 c0de4718        0     1                 $t.7
c0de4719 c0de4719        8     1                 delete_enum_value
c0de4720 c0de4720      2e8     4         build/flex/obj/app/src/features/provide_network_info/cmd_network_info.o:(.text.handle_network_info)
c0de4720 c0de4720        0     1                 $t.0
c0de4721 c0de4721      2e8     1                 handle_network_info
c0de49f0 c0de49f0        0     1                 $d.1
c0de4a08 c0de4a08       70     4         build/flex/obj/app/src/features/provide_network_info/cmd_network_info.o:(.text.handle_tlv_payload)
c0de4a08 c0de4a08        0     1                 $t.2
c0de4a09 c0de4a09       70     1                 handle_tlv_payload
c0de4a6c c0de4a6c        0     1                 $d.3
c0de4a78 c0de4a78       74     4         build/flex/obj/app/src/features/provide_network_info/cmd_network_info.o:(.text.network_info_cleanup)
c0de4a78 c0de4a78        0     1                 $t.4
c0de4a79 c0de4a79       74     1                 network_info_cleanup
c0de4ae0 c0de4ae0        0     1                 $d.5
c0de4aec c0de4aec       36     2         build/flex/obj/app/src/features/provide_network_info/cmd_network_info.o:(.text.check_icon_header)
c0de4aec c0de4aec        0     1                 $t.6
c0de4aed c0de4aed       36     1                 check_icon_header
c0de4b22 c0de4b22      104     2         build/flex/obj/app/src/features/provide_network_info/network_info.o:(.text.handle_network_info_struct)
c0de4b22 c0de4b22        0     1                 $t.0
c0de4b23 c0de4b23      104     1                 handle_network_info_struct
c0de4c28 c0de4c28      108     4         build/flex/obj/app/src/features/provide_network_info/network_info.o:(.text.verify_network_info_struct)
c0de4c28 c0de4c28        0     1                 $t.1
c0de4c29 c0de4c29      108     1                 verify_network_info_struct
c0de4d20 c0de4d20        0     1                 $d.2
c0de4d30 c0de4d30       30     4         build/flex/obj/app/src/features/provide_proxy_info/cmd_proxy_info.o:(.text.handle_proxy_info)
c0de4d30 c0de4d30        0     1                 $t.0
c0de4d31 c0de4d31       30     1                 handle_proxy_info
c0de4d5c c0de4d5c        0     1                 $d.1
c0de4d60 c0de4d60       40     4         build/flex/obj/app/src/features/provide_proxy_info/cmd_proxy_info.o:(.text.handle_tlv_payload)
c0de4d60 c0de4d60        0     1                 $t.2
c0de4d61 c0de4d61       40     1                 handle_tlv_payload
c0de4d9c c0de4d9c        0     1                 $d.3
c0de4da0 c0de4da0      10e     2         build/flex/obj/app/src/features/provide_proxy_info/proxy_info.o:(.text.handle_proxy_info_struct)
c0de4da0 c0de4da0        0     1                 $t.0
c0de4da1 c0de4da1      10e     1                 handle_proxy_info_struct
c0de4eb0 c0de4eb0       94     4         build/flex/obj/app/src/features/provide_proxy_info/proxy_info.o:(.text.verify_proxy_info_struct)
c0de4eb0 c0de4eb0        0     1                 $t.1
c0de4eb1 c0de4eb1       94     1                 verify_proxy_info_struct
c0de4f3c c0de4f3c        0     1                 $d.2
c0de4f44 c0de4f44       5c     2         build/flex/obj/app/src/features/provide_proxy_info/proxy_info.o:(.text.check_proxy_params)
c0de4f44 c0de4f44        0     1                 $t.5
c0de4f45 c0de4f45       5c     1                 check_proxy_params
c0de4fa0 c0de4fa0       38     4         build/flex/obj/app/src/features/provide_proxy_info/proxy_info.o:(.text.get_implem_contract)
c0de4fa0 c0de4fa0        0     1                 $t.6
c0de4fa1 c0de4fa1       38     1                 get_implem_contract
c0de4fd4 c0de4fd4        0     1                 $d.7
c0de4fd8 c0de4fd8       10     4         build/flex/obj/app/src/features/provide_proxy_info/proxy_info.o:(.text.proxy_cleanup)
c0de4fd8 c0de4fd8        0     1                 $t.8
c0de4fd9 c0de4fd9       10     1                 proxy_cleanup
c0de4fe4 c0de4fe4        0     1                 $d.9
c0de4fe8 c0de4fe8       8c     4         build/flex/obj/app/src/features/provide_safe_account/cmd_safe_account.o:(.text.handle_safe_account)
c0de4fe8 c0de4fe8        0     1                 $t.0
c0de4fe9 c0de4fe9       8c     1                 handle_safe_account
c0de5064 c0de5064        0     1                 $d.1
c0de5074 c0de5074        e     2         build/flex/obj/app/src/features/provide_safe_account/cmd_safe_account.o:(.text.clear_safe_account)
c0de5074 c0de5074        0     1                 $t.2
c0de5075 c0de5075        e     1                 clear_safe_account
c0de5084 c0de5084       b0     4         build/flex/obj/app/src/features/provide_safe_account/safe_descriptor.o:(.text.handle_safe_tlv_payload)
c0de5084 c0de5084        0     1                 $t.0
c0de5085 c0de5085       b0     1                 handle_safe_tlv_payload
c0de5128 c0de5128        0     1                 $d.1
c0de5134 c0de5134      14e     2         build/flex/obj/app/src/features/provide_safe_account/safe_descriptor.o:(.text.handle_safe_tlv)
c0de5134 c0de5134        0     1                 $t.2
c0de5135 c0de5135      14e     1                 handle_safe_tlv
c0de5284 c0de5284       1c     4         build/flex/obj/app/src/features/provide_safe_account/safe_descriptor.o:(.text.clear_safe_descriptor)
c0de5284 c0de5284        0     1                 $t.3
c0de5285 c0de5285       1c     1                 clear_safe_descriptor
c0de529c c0de529c        0     1                 $d.4
c0de52a0 c0de52a0        a     2         build/flex/obj/app/src/features/provide_safe_account/safe_descriptor.o:(.text.OUTLINED_FUNCTION_0)
c0de52a0 c0de52a0        0     1                 $t.5
c0de52a1 c0de52a1        a     1                 OUTLINED_FUNCTION_0
c0de52ac c0de52ac       f8     4         build/flex/obj/app/src/features/provide_safe_account/signer_descriptor.o:(.text.handle_signer_tlv_payload)
c0de52ac c0de52ac        0     1                 $t.0
c0de52ad c0de52ad       f8     1                 handle_signer_tlv_payload
c0de5394 c0de5394        0     1                 $d.1
c0de53a4 c0de53a4       f0     4         build/flex/obj/app/src/features/provide_safe_account/signer_descriptor.o:(.text.handle_signer_tlv)
c0de53a4 c0de53a4        0     1                 $t.2
c0de53a5 c0de53a5       f0     1                 handle_signer_tlv
c0de5490 c0de5490        0     1                 $d.3
c0de5494 c0de5494       24     4         build/flex/obj/app/src/features/provide_safe_account/signer_descriptor.o:(.text.clear_signer_descriptor)
c0de5494 c0de5494        0     1                 $t.4
c0de5495 c0de5495       24     1                 clear_signer_descriptor
c0de54b4 c0de54b4        0     1                 $d.5
c0de54b8 c0de54b8       2c     4         build/flex/obj/app/src/features/provide_trusted_name/cmd_trusted_name.o:(.text.handle_trusted_name)
c0de54b8 c0de54b8        0     1                 $t.0
c0de54b9 c0de54b9       2c     1                 handle_trusted_name
c0de54e0 c0de54e0        0     1                 $d.1
c0de54e4 c0de54e4       44     4         build/flex/obj/app/src/features/provide_trusted_name/cmd_trusted_name.o:(.text.handle_tlv_payload)
c0de54e4 c0de54e4        0     1                 $t.2
c0de54e5 c0de54e5       44     1                 handle_tlv_payload
c0de5524 c0de5524        0     1                 $d.3
c0de5528 c0de5528       14     4         build/flex/obj/app/src/features/provide_trusted_name/trusted_name.o:(.text.trusted_name_cleanup)
c0de5528 c0de5528        0     1                 $t.0
c0de5529 c0de5529       14     1                 trusted_name_cleanup
c0de5534 c0de5534        0     1                 $d.1
c0de553c c0de553c        8     2         build/flex/obj/app/src/features/provide_trusted_name/trusted_name.o:(.text.delete_trusted_name)
c0de553c c0de553c        0     1                 $t.2
c0de553d c0de553d        8     1                 delete_trusted_name
c0de5544 c0de5544       b8     4         build/flex/obj/app/src/features/provide_trusted_name/trusted_name.o:(.text.get_trusted_name)
c0de5544 c0de5544        0     1                 $t.3
c0de5545 c0de5545       b8     1                 get_trusted_name
c0de55f8 c0de55f8        0     1                 $d.4
c0de55fc c0de55fc      294     4         build/flex/obj/app/src/features/provide_trusted_name/trusted_name.o:(.text.handle_trusted_name_struct)
c0de55fc c0de55fc        0     1                 $t.5
c0de55fd c0de55fd      294     1                 handle_trusted_name_struct
c0de588c c0de588c        0     1                 $d.6
c0de5890 c0de5890      158     4         build/flex/obj/app/src/features/provide_trusted_name/trusted_name.o:(.text.verify_trusted_name_struct)
c0de5890 c0de5890        0     1                 $t.7
c0de5891 c0de5891      158     1                 verify_trusted_name_struct
c0de59d4 c0de59d4        0     1                 $d.8
c0de59e8 c0de59e8       22     2         build/flex/obj/app/src/features/provide_trusted_name/trusted_name.o:(.text.check_trusted_name)
c0de59e8 c0de59e8        0     1                 $t.9
c0de59e9 c0de59e9       22     1                 check_trusted_name
c0de5a0c c0de5a0c       30     4         build/flex/obj/app/src/features/provide_trusted_name/trusted_name.o:(.text.ens_charset)
c0de5a0c c0de5a0c        0     1                 $t.10
c0de5a0d c0de5a0d       30     1                 ens_charset
c0de5a38 c0de5a38        0     1                 $d.11
c0de5a3c c0de5a3c       34     4         build/flex/obj/app/src/features/provide_trusted_name/trusted_name.o:(.text.generic_trusted_name_charset)
c0de5a3c c0de5a3c        0     1                 $t.12
c0de5a3d c0de5a3d       34     1                 generic_trusted_name_charset
c0de5a6c c0de5a6c        0     1                 $d.13
c0de5a70 c0de5a70       1c     2         build/flex/obj/app/src/features/provide_trusted_name/trusted_name.o:(.text.matching_type)
c0de5a70 c0de5a70        0     1                 $t.14
c0de5a71 c0de5a71       1c     1                 matching_type
c0de5a8c c0de5a8c       4c     4         build/flex/obj/app/src/features/provide_tx_simulation/cmd_get_tx_simulation.o:(.text.handle_tx_simulation_opt_in)
c0de5a8c c0de5a8c        0     1                 $t.0
c0de5a8d c0de5a8d       4c     1                 handle_tx_simulation_opt_in
c0de5acc c0de5acc        0     1                 $d.1
c0de5ad8 c0de5ad8       6c     4         build/flex/obj/app/src/features/provide_tx_simulation/cmd_get_tx_simulation.o:(.text.handle_tx_simulation)
c0de5ad8 c0de5ad8        0     1                 $t.2
c0de5ad9 c0de5ad9       6c     1                 handle_tx_simulation
c0de5b3c c0de5b3c        0     1                 $d.3
c0de5b44 c0de5b44      13c     4         build/flex/obj/app/src/features/provide_tx_simulation/cmd_get_tx_simulation.o:(.text.handle_tlv_payload)
c0de5b44 c0de5b44        0     1                 $t.4
c0de5b45 c0de5b45      13c     1                 handle_tlv_payload
c0de5c70 c0de5c70        0     1                 $d.5
c0de5c80 c0de5c80       10     4         build/flex/obj/app/src/features/provide_tx_simulation/cmd_get_tx_simulation.o:(.text.clear_tx_simulation)
c0de5c80 c0de5c80        0     1                 $t.6
c0de5c81 c0de5c81       10     1                 clear_tx_simulation
c0de5c8c c0de5c8c        0     1                 $d.7
c0de5c90 c0de5c90      188     4         build/flex/obj/app/src/features/provide_tx_simulation/cmd_get_tx_simulation.o:(.text.set_tx_simulation_warning)
c0de5c90 c0de5c90        0     1                 $t.8
c0de5c91 c0de5c91      188     1                 set_tx_simulation_warning
c0de5dfc c0de5dfc        0     1                 $d.9
c0de5e18 c0de5e18       88     4         build/flex/obj/app/src/features/provide_tx_simulation/cmd_get_tx_simulation.o:(.text.get_tx_simulation_category_str)
c0de5e18 c0de5e18        0     1                 $t.10
c0de5e19 c0de5e19       88     1                 get_tx_simulation_category_str
c0de5e7c c0de5e7c        0     1                 $d.11
c0de5ea0 c0de5ea0      204     2         build/flex/obj/app/src/features/provide_tx_simulation/cmd_get_tx_simulation.o:(.text.handle_tx_simu_tlv)
c0de5ea0 c0de5ea0        0     1                 $t.14
c0de5ea1 c0de5ea1      204     1                 handle_tx_simu_tlv
c0de60a4 c0de60a4       38     4         build/flex/obj/app/src/features/setEth2WithdrawalIndex/cmd_setEth2WithdrawalIndex.o:(.text.handleSetEth2WithdrawalIndex)
c0de60a4 c0de60a4        0     1                 $t.0
c0de60a5 c0de60a5       38     1                 handleSetEth2WithdrawalIndex
c0de60d8 c0de60d8        0     1                 $d.1
c0de60dc c0de60dc      120     4         build/flex/obj/app/src/features/setExternalPlugin/cmd_setExternalPlugin.o:(.text.handleSetExternalPlugin)
c0de60dc c0de60dc        0     1                 $t.0
c0de60dd c0de60dd      120     1                 handleSetExternalPlugin
c0de61ec c0de61ec        0     1                 $d.1
c0de61fc c0de61fc       10     4         build/flex/obj/app/src/features/setPlugin/cmd_setPlugin.o:(.text.set_swap_with_calldata_plugin_type)
c0de61fc c0de61fc        0     1                 $t.0
c0de61fd c0de61fd       10     1                 set_swap_with_calldata_plugin_type
c0de6208 c0de6208        0     1                 $d.1
c0de620c c0de620c      154     4         build/flex/obj/app/src/features/setPlugin/cmd_setPlugin.o:(.text.handleSetPlugin)
c0de620c c0de620c        0     1                 $t.2
c0de620d c0de620d      154     1                 handleSetPlugin
c0de6348 c0de6348        0     1                 $d.3
c0de6360 c0de6360       c4     2         build/flex/obj/app/src/features/signAuthorizationEIP7702/auth_7702.o:(.text.handle_auth_7702_struct)
c0de6360 c0de6360        0     1                 $t.0
c0de6361 c0de6361       c4     1                 handle_auth_7702_struct
c0de6424 c0de6424       1e     2         build/flex/obj/app/src/features/signAuthorizationEIP7702/auth_7702.o:(.text.verify_auth_7702_struct)
c0de6424 c0de6424        0     1                 $t.1
c0de6425 c0de6425       1e     1                 verify_auth_7702_struct
c0de6442 c0de6442        a     2         build/flex/obj/app/src/features/signAuthorizationEIP7702/auth_7702.o:(.text.OUTLINED_FUNCTION_0)
c0de6442 c0de6442        0     1                 $t.2
c0de6443 c0de6443        a     1                 OUTLINED_FUNCTION_0
c0de644c c0de644c       30     4         build/flex/obj/app/src/features/signAuthorizationEIP7702/commands_7702.o:(.text.hashRLP)
c0de644c c0de644c        0     1                 $t.0
c0de644d c0de644d       30     1                 hashRLP
c0de6478 c0de6478        0     1                 $d.1
c0de647c c0de647c       32     2         build/flex/obj/app/src/features/signAuthorizationEIP7702/commands_7702.o:(.text.hashRLP64)
c0de647c c0de647c        0     1                 $t.2
c0de647d c0de647d       32     1                 hashRLP64
c0de64b0 c0de64b0       6c     4         build/flex/obj/app/src/features/signAuthorizationEIP7702/commands_7702.o:(.text.handleSignEIP7702Authorization)
c0de64b0 c0de64b0        0     1                 $t.3
c0de64b1 c0de64b1       6c     1                 handleSignEIP7702Authorization
c0de6510 c0de6510        0     1                 $d.4
c0de651c c0de651c      230     4         build/flex/obj/app/src/features/signAuthorizationEIP7702/commands_7702.o:(.text.handleAuth7702TLV)
c0de651c c0de651c        0     1                 $t.5
c0de651d c0de651d      230     1                 handleAuth7702TLV
c0de6730 c0de6730        0     1                 $d.6
c0de674c c0de674c       48     2         build/flex/obj/app/src/features/signAuthorizationEIP7702/rlp_encode.o:(.text.rlpEncodeNumber)
c0de674c c0de674c        0     1                 $t.0
c0de674d c0de674d       48     1                 rlpEncodeNumber
c0de6794 c0de6794       18     2         build/flex/obj/app/src/features/signAuthorizationEIP7702/rlp_encode.o:(.text.rlpGetEncodedNumberLength)
c0de6794 c0de6794        0     1                 $t.1
c0de6795 c0de6795       18     1                 rlpGetEncodedNumberLength
c0de67ac c0de67ac       20     2         build/flex/obj/app/src/features/signAuthorizationEIP7702/rlp_encode.o:(.text.rlpGetSmallestNumber64EncodingSize)
c0de67ac c0de67ac        0     1                 $t.2
c0de67ad c0de67ad       20     1                 rlpGetSmallestNumber64EncodingSize
c0de67cc c0de67cc       22     2         build/flex/obj/app/src/features/signAuthorizationEIP7702/rlp_encode.o:(.text.rlpGetEncodedNumber64Length)
c0de67cc c0de67cc        0     1                 $t.3
c0de67cd c0de67cd       22     1                 rlpGetEncodedNumber64Length
c0de67ee c0de67ee       1e     2         build/flex/obj/app/src/features/signAuthorizationEIP7702/rlp_encode.o:(.text.rlpEncodeListHeader8)
c0de67ee c0de67ee        0     1                 $t.4
c0de67ef c0de67ef       1e     1                 rlpEncodeListHeader8
c0de680c c0de680c       74     4         build/flex/obj/app/src/features/signAuthorizationEIP7702/ui_common_7702.o:(.text.auth_7702_ok_cb)
c0de680c c0de680c        0     1                 $t.0
c0de680d c0de680d       74     1                 auth_7702_ok_cb
c0de6878 c0de6878        0     1                 $d.1
c0de6880 c0de6880       12     2         build/flex/obj/app/src/features/signAuthorizationEIP7702/ui_common_7702.o:(.text.auth_7702_cancel_cb)
c0de6880 c0de6880        0     1                 $t.2
c0de6881 c0de6881       12     1                 auth_7702_cancel_cb
c0de6894 c0de6894       2c     4         build/flex/obj/app/src/features/signAuthorizationEIP7702/whitelist_7702.o:(.text.get_delegate_name)
c0de6894 c0de6894        0     1                 $t.0
c0de6895 c0de6895       2c     1                 get_delegate_name
c0de68bc c0de68bc        0     1                 $d.1
c0de68c0 c0de68c0      2ac     4         build/flex/obj/app/src/features/signMessage/cmd_signMessage.o:(.text.handleSignPersonalMessage)
c0de68c0 c0de68c0        0     1                 $t.0
c0de68c1 c0de68c1      2ac     1                 handleSignPersonalMessage
c0de6b4c c0de6b4c        0     1                 $d.1
c0de6b6c c0de6b6c       20     4         build/flex/obj/app/src/features/signMessage/cmd_signMessage.o:(.text.set_idle)
c0de6b6c c0de6b6c        0     1                 $t.2
c0de6b6d c0de6b6d       20     1                 set_idle
c0de6b88 c0de6b88        0     1                 $d.3
c0de6b8c c0de6b8c       38     4         build/flex/obj/app/src/features/signMessage/cmd_signMessage.o:(.text.message_cleanup)
c0de6b8c c0de6b8c        0     1                 $t.4
c0de6b8d c0de6b8d       38     1                 message_cleanup
c0de6bc0 c0de6bc0        0     1                 $d.5
c0de6bc4 c0de6bc4       80     4         build/flex/obj/app/src/features/signMessage/ui_common_signMessage.o:(.text.io_seproxyhal_touch_signMessage_ok)
c0de6bc4 c0de6bc4        0     1                 $t.0
c0de6bc5 c0de6bc5       80     1                 io_seproxyhal_touch_signMessage_ok
c0de6c3c c0de6c3c        0     1                 $d.1
c0de6c44 c0de6c44       12     2         build/flex/obj/app/src/features/signMessage/ui_common_signMessage.o:(.text.io_seproxyhal_touch_signMessage_cancel)
c0de6c44 c0de6c44        0     1                 $t.2
c0de6c45 c0de6c45       12     1                 io_seproxyhal_touch_signMessage_cancel
c0de6c58 c0de6c58       20     4         build/flex/obj/app/src/features/signMessageEIP712/commands_712.o:(.text.handle_eip712_return_code)
c0de6c58 c0de6c58        0     1                 $t.0
c0de6c59 c0de6c59       20     1                 handle_eip712_return_code
c0de6c74 c0de6c74        0     1                 $d.1
c0de6c78 c0de6c78       4c     4         build/flex/obj/app/src/features/signMessageEIP712/commands_712.o:(.text.apdu_reply)
c0de6c78 c0de6c78        0     1                 $t.2
c0de6c79 c0de6c79       4c     1                 apdu_reply
c0de6cbc c0de6cbc        0     1                 $d.3
c0de6cc4 c0de6cc4       6c     4         build/flex/obj/app/src/features/signMessageEIP712/commands_712.o:(.text.handle_eip712_struct_def)
c0de6cc4 c0de6cc4        0     1                 $t.4
c0de6cc5 c0de6cc5       6c     1                 handle_eip712_struct_def
c0de6d24 c0de6d24        0     1                 $d.5
c0de6d30 c0de6d30       bc     4         build/flex/obj/app/src/features/signMessageEIP712/commands_712.o:(.text.handle_eip712_struct_impl)
c0de6d30 c0de6d30        0     1                 $t.6
c0de6d31 c0de6d31       bc     1                 handle_eip712_struct_impl
c0de6de4 c0de6de4        0     1                 $d.7
c0de6dec c0de6dec      1a0     4         build/flex/obj/app/src/features/signMessageEIP712/commands_712.o:(.text.handle_eip712_filtering)
c0de6dec c0de6dec        0     1                 $t.8
c0de6ded c0de6ded      1a0     1                 handle_eip712_filtering
c0de6f80 c0de6f80        0     1                 $d.9
c0de6f8c c0de6f8c       a0     4         build/flex/obj/app/src/features/signMessageEIP712/commands_712.o:(.text.handle_eip712_sign)
c0de6f8c c0de6f8c        0     1                 $t.10
c0de6f8d c0de6f8d       a0     1                 handle_eip712_sign
c0de7020 c0de7020        0     1                 $d.11
c0de702c c0de702c        c     2         build/flex/obj/app/src/features/signMessageEIP712/commands_712.o:(.text.OUTLINED_FUNCTION_0)
c0de702c c0de702c        0     1                 $t.12
c0de702d c0de702d        c     1                 OUTLINED_FUNCTION_0
c0de7038 c0de7038       80     4         build/flex/obj/app/src/features/signMessageEIP712/context_712.o:(.text.eip712_context_init)
c0de7038 c0de7038        0     1                 $t.0
c0de7039 c0de7039       80     1                 eip712_context_init
c0de70ac c0de70ac        0     1                 $d.1
c0de70b8 c0de70b8       38     4         build/flex/obj/app/src/features/signMessageEIP712/context_712.o:(.text.eip712_context_deinit)
c0de70b8 c0de70b8        0     1                 $t.2
c0de70b9 c0de70b9       38     1                 eip712_context_deinit
c0de70ec c0de70ec        0     1                 $d.3
c0de70f0 c0de70f0        8     2         build/flex/obj/app/src/features/signMessageEIP712/encode_field.o:(.text.encode_uint)
c0de70f0 c0de70f0        0     1                 $t.0
c0de70f1 c0de70f1        8     1                 encode_uint
c0de70f8 c0de70f8       70     4         build/flex/obj/app/src/features/signMessageEIP712/encode_field.o:(.text.field_encode)
c0de70f8 c0de70f8        0     1                 $t.1
c0de70f9 c0de70f9       70     1                 field_encode
c0de7164 c0de7164        0     1                 $d.2
c0de7168 c0de7168       24     4         build/flex/obj/app/src/features/signMessageEIP712/encode_field.o:(.text.encode_int)
c0de7168 c0de7168        0     1                 $t.3
c0de7169 c0de7169       24     1                 encode_int
c0de7188 c0de7188        0     1                 $d.4
c0de718c c0de718c        8     2         build/flex/obj/app/src/features/signMessageEIP712/encode_field.o:(.text.encode_bytes)
c0de718c c0de718c        0     1                 $t.5
c0de718d c0de718d        8     1                 encode_bytes
c0de7194 c0de7194       14     4         build/flex/obj/app/src/features/signMessageEIP712/encode_field.o:(.text.encode_boolean)
c0de7194 c0de7194        0     1                 $t.6
c0de7195 c0de7195       14     1                 encode_boolean
c0de71a4 c0de71a4        0     1                 $d.7
c0de71a8 c0de71a8       14     4         build/flex/obj/app/src/features/signMessageEIP712/encode_field.o:(.text.encode_address)
c0de71a8 c0de71a8        0     1                 $t.8
c0de71a9 c0de71a9       14     1                 encode_address
c0de71b8 c0de71b8        0     1                 $d.9
c0de71bc c0de71bc        c     2         build/flex/obj/app/src/features/signMessageEIP712/encode_field.o:(.text.OUTLINED_FUNCTION_0)
c0de71bc c0de71bc        0     1                 $t.10
c0de71bd c0de71bd        c     1                 OUTLINED_FUNCTION_0
c0de71c8 c0de71c8       4c     4         build/flex/obj/app/src/features/signMessageEIP712/field_hash.o:(.text.field_hash_init)
c0de71c8 c0de71c8        0     1                 $t.0
c0de71c9 c0de71c9       4c     1                 field_hash_init
c0de720c c0de720c        0     1                 $d.1
c0de7214 c0de7214       1c     4         build/flex/obj/app/src/features/signMessageEIP712/field_hash.o:(.text.field_hash_deinit)
c0de7214 c0de7214        0     1                 $t.2
c0de7215 c0de7215       1c     1                 field_hash_deinit
c0de722c c0de722c        0     1                 $d.3
c0de7230 c0de7230      284     4         build/flex/obj/app/src/features/signMessageEIP712/field_hash.o:(.text.field_hash)
c0de7230 c0de7230        0     1                 $t.4
c0de7231 c0de7231      284     1                 field_hash
c0de7498 c0de7498        0     1                 $d.5
c0de74b4 c0de74b4       b4     4         build/flex/obj/app/src/features/signMessageEIP712/filtering.o:(.text.filtering_message_info)
c0de74b4 c0de74b4        0     1                 $t.0
c0de74b5 c0de74b5       b4     1                 filtering_message_info
c0de755c c0de755c        0     1                 $d.1
c0de7568 c0de7568       64     4         build/flex/obj/app/src/features/signMessageEIP712/filtering.o:(.text.sig_verif_start)
c0de7568 c0de7568        0     1                 $t.2
c0de7569 c0de7569       64     1                 sig_verif_start
c0de75c4 c0de75c4        0     1                 $d.3
c0de75cc c0de75cc       50     4         build/flex/obj/app/src/features/signMessageEIP712/filtering.o:(.text.sig_verif_end)
c0de75cc c0de75cc        0     1                 $t.4
c0de75cd c0de75cd       50     1                 sig_verif_end
c0de7614 c0de7614        0     1                 $d.5
c0de761c c0de761c       e4     4         build/flex/obj/app/src/features/signMessageEIP712/filtering.o:(.text.filtering_discarded_path)
c0de761c c0de761c        0     1                 $t.6
c0de761d c0de761d       e4     1                 filtering_discarded_path
c0de76fc c0de76fc        0     1                 $d.7
c0de7700 c0de7700       60     4         build/flex/obj/app/src/features/signMessageEIP712/filtering.o:(.text.filtering_calldata_spender)
c0de7700 c0de7700        0     1                 $t.8
c0de7701 c0de7701       60     1                 filtering_calldata_spender
c0de775c c0de775c        0     1                 $d.9
c0de7760 c0de7760       dc     4         build/flex/obj/app/src/features/signMessageEIP712/filtering.o:(.text.hash_filtering_path)
c0de7760 c0de7760        0     1                 $t.10
c0de7761 c0de7761       dc     1                 hash_filtering_path
c0de7834 c0de7834        0     1                 $d.11
c0de783c c0de783c       60     4         build/flex/obj/app/src/features/signMessageEIP712/filtering.o:(.text.filtering_calldata_amount)
c0de783c c0de783c        0     1                 $t.12
c0de783d c0de783d       60     1                 filtering_calldata_amount
c0de7898 c0de7898        0     1                 $d.13
c0de789c c0de789c       60     4         build/flex/obj/app/src/features/signMessageEIP712/filtering.o:(.text.filtering_calldata_selector)
c0de789c c0de789c        0     1                 $t.14
c0de789d c0de789d       60     1                 filtering_calldata_selector
c0de78f8 c0de78f8        0     1                 $d.15
c0de78fc c0de78fc       60     4         build/flex/obj/app/src/features/signMessageEIP712/filtering.o:(.text.filtering_calldata_chain_id)
c0de78fc c0de78fc        0     1                 $t.16
c0de78fd c0de78fd       60     1                 filtering_calldata_chain_id
c0de7958 c0de7958        0     1                 $d.17
c0de795c c0de795c       60     4         build/flex/obj/app/src/features/signMessageEIP712/filtering.o:(.text.filtering_calldata_callee)
c0de795c c0de795c        0     1                 $t.18
c0de795d c0de795d       60     1                 filtering_calldata_callee
c0de79b8 c0de79b8        0     1                 $d.19
c0de79bc c0de79bc       60     4         build/flex/obj/app/src/features/signMessageEIP712/filtering.o:(.text.filtering_calldata_value)
c0de79bc c0de79bc        0     1                 $t.20
c0de79bd c0de79bd       60     1                 filtering_calldata_value
c0de7a18 c0de7a18        0     1                 $d.21
c0de7a1c c0de7a1c      1c8     4         build/flex/obj/app/src/features/signMessageEIP712/filtering.o:(.text.filtering_calldata_info)
c0de7a1c c0de7a1c        0     1                 $t.22
c0de7a1d c0de7a1d      1c8     1                 filtering_calldata_info
c0de7bd8 c0de7bd8        0     1                 $d.23
c0de7be4 c0de7be4      140     4         build/flex/obj/app/src/features/signMessageEIP712/filtering.o:(.text.filtering_trusted_name)
c0de7be4 c0de7be4        0     1                 $t.24
c0de7be5 c0de7be5      140     1                 filtering_trusted_name
c0de7d18 c0de7d18        0     1                 $d.25
c0de7d24 c0de7d24       34     2         build/flex/obj/app/src/features/signMessageEIP712/filtering.o:(.text.check_typename)
c0de7d24 c0de7d24        0     1                 $t.26
c0de7d25 c0de7d25       34     1                 check_typename
c0de7d58 c0de7d58       bc     4         build/flex/obj/app/src/features/signMessageEIP712/filtering.o:(.text.filtering_date_time)
c0de7d58 c0de7d58        0     1                 $t.27
c0de7d59 c0de7d59       bc     1                 filtering_date_time
c0de7e0c c0de7e0c        0     1                 $d.28
c0de7e14 c0de7e14       74     4         build/flex/obj/app/src/features/signMessageEIP712/filtering.o:(.text.filtering_amount_join_token)
c0de7e14 c0de7e14        0     1                 $t.29
c0de7e15 c0de7e15       74     1                 filtering_amount_join_token
c0de7e80 c0de7e80        0     1                 $d.30
c0de7e88 c0de7e88       f8     4         build/flex/obj/app/src/features/signMessageEIP712/filtering.o:(.text.filtering_amount_join_value)
c0de7e88 c0de7e88        0     1                 $t.31
c0de7e89 c0de7e89       f8     1                 filtering_amount_join_value
c0de7f74 c0de7f74        0     1                 $d.32
c0de7f80 c0de7f80       a8     4         build/flex/obj/app/src/features/signMessageEIP712/filtering.o:(.text.filtering_raw_field)
c0de7f80 c0de7f80        0     1                 $t.33
c0de7f81 c0de7f81       a8     1                 filtering_raw_field
c0de8024 c0de8024        0     1                 $d.34
c0de8028 c0de8028       12     2         build/flex/obj/app/src/features/signMessageEIP712/filtering.o:(.text.OUTLINED_FUNCTION_0)
c0de8028 c0de8028        0     1                 $t.35
c0de8029 c0de8029       12     1                 OUTLINED_FUNCTION_0
c0de803a c0de803a        c     2         build/flex/obj/app/src/features/signMessageEIP712/filtering.o:(.text.OUTLINED_FUNCTION_1)
c0de803a c0de803a        0     1                 $t.36
c0de803b c0de803b        c     1                 OUTLINED_FUNCTION_1
[...]
da7a0000 da7a0000        1     1                 G_swap_checked
da7a0004 da7a0004        4     4         build/flex/obj/app/src/features/generic_tx_parser/gtp_field_table.o:(.bss.g_table)
da7a0004 da7a0004        4     1                 g_table
da7a0008 da7a0008        8     8         build/flex/obj/app/src/features/generic_tx_parser/gtp_value.o:(.bss.value_get.chain_id)
da7a0008 da7a0008        8     1                 value_get.chain_id
da7a0010 da7a0010        4     4         build/flex/obj/app/src/features/generic_tx_parser/tx_ctx.o:(.bss.g_parked_calldata)
da7a0010 da7a0010        4     1                 g_parked_calldata
da7a0014 da7a0014        8     4         build/flex/obj/app/src/features/generic_tx_parser/tx_ctx.o:(.bss..L_MergedGlobals)
da7a0014 da7a0014        8     1                 .L_MergedGlobals
da7a0014 da7a0014        4     1                 g_tx_ctx_list
da7a0018 da7a0018        4     1                 g_tx_ctx_current
da7a001c da7a001c        4     4         build/flex/obj/app/src/features/getChallenge/cmd_get_challenge.o:(.bss.challenge)
da7a001c da7a001c        4     1                 challenge
da7a0020 da7a0020        4     4         build/flex/obj/app/src/features/provide_enum_value/enum_value.o:(.bss.g_enum_value_list)
da7a0020 da7a0020        4     1                 g_enum_value_list
da7a0024 da7a0024        c     4         build/flex/obj/app/src/features/provide_network_info/cmd_network_info.o:(.bss..L_MergedGlobals)
da7a0024 da7a0024        c     1                 .L_MergedGlobals
da7a0024 da7a0024        4     1                 g_icon_payload
da7a0028 da7a0028        8     1                 g_icon_bitmap
da7a0030 da7a0030        1     1         build/flex/obj/app/src/features/provide_network_info/network_info.o:(.bss.g_current_network_slot)
da7a0030 da7a0030        1     1                 g_current_network_slot
da7a0034 da7a0034        4     4         build/flex/obj/app/src/features/provide_network_info/network_info.o:(.bss.g_network_icon_hash)
da7a0034 da7a0034        4     1                 g_network_icon_hash
da7a0038 da7a0038        8     4         build/flex/obj/app/src/features/provide_network_info/network_info.o:(.bss.DYNAMIC_NETWORK_INFO)
da7a0038 da7a0038        8     1                 DYNAMIC_NETWORK_INFO
da7a0040 da7a0040        4     4         build/flex/obj/app/src/features/provide_proxy_info/proxy_info.o:(.bss.g_proxy_info)
da7a0040 da7a0040        4     1                 g_proxy_info
da7a0044 da7a0044        4     4         build/flex/obj/app/src/features/provide_safe_account/safe_descriptor.o:(.bss.SAFE_DESC)
da7a0044 da7a0044        4     1                 SAFE_DESC
da7a0048 da7a0048        8     4         build/flex/obj/app/src/features/provide_safe_account/signer_descriptor.o:(.bss.SIGNER_DESC)
da7a0048 da7a0048        8     1                 SIGNER_DESC
da7a0050 da7a0050        4     4         build/flex/obj/app/src/features/provide_trusted_name/trusted_name.o:(.bss.g_trusted_name_list)
da7a0050 da7a0050        4     1                 g_trusted_name_list
da7a0058 da7a0058       b0     8         build/flex/obj/app/src/features/provide_tx_simulation/cmd_get_tx_simulation.o:(.bss.TX_SIMULATION)
da7a0058 da7a0058       b0     1                 TX_SIMULATION
da7a0108 da7a0108        4     4         build/flex/obj/app/src/features/signAuthorizationEIP7702/commands_7702.o:(.bss.g_7702_hash_ctx)
da7a0108 da7a0108        4     1                 g_7702_hash_ctx
da7a010c da7a010c        2     2         build/flex/obj/app/src/features/signAuthorizationEIP7702/commands_7702.o:(.bss.g_7702_sw)
da7a010c da7a010c        2     1                 g_7702_sw
da7a0110 da7a0110        4     4         build/flex/obj/app/src/features/signMessage/cmd_signMessage.o:(.bss.g_msg_hash_ctx)
da7a0110 da7a0110        4     1                 g_msg_hash_ctx
da7a0114 da7a0114        4     4         build/flex/obj/app/src/features/signMessage/cmd_signMessage.o:(.bss.signMsgCtx)
da7a0114 da7a0114        4     1                 signMsgCtx
da7a0118 da7a0118        1     1         build/flex/obj/app/src/features/signMessageEIP712/context_712.o:(.bss.struct_state)
da7a0118 da7a0118        1     1                 struct_state
da7a011c da7a011c        4     4         build/flex/obj/app/src/features/signMessageEIP712/context_712.o:(.bss.eip712_context)
da7a011c da7a011c        4     1                 eip712_context
da7a0120 da7a0120        4     4         build/flex/obj/app/src/features/signMessageEIP712/field_hash.o:(.bss.fh)
da7a0120 da7a0120        4     1                 fh
da7a0124 da7a0124        c     4         build/flex/obj/app/src/features/signMessageEIP712/path.o:(.bss..L_MergedGlobals)
da7a0124 da7a0124        c     1                 .L_MergedGlobals
da7a0124 da7a0124        4     1                 path_backup
da7a0128 da7a0128        4     1                 path_struct
da7a012c da7a012c        4     1                 g_hash_ctxs
da7a0130 da7a0130        4     4         build/flex/obj/app/src/features/signMessageEIP712/sol_typenames.o:(.bss.g_sol_types)
da7a0130 da7a0130        4     1                 g_sol_types
da7a0134 da7a0134        4     4         build/flex/obj/app/src/features/signMessageEIP712/typed_data.o:(.bss.g_structs)
da7a0134 da7a0134        4     1                 g_structs
da7a0138 da7a0138        4     4         build/flex/obj/app/src/features/signMessageEIP712/ui_logic.o:(.bss.ui_ctx)
da7a0138 da7a0138        4     1                 ui_ctx
da7a013c da7a013c        4     4         build/flex/obj/app/src/features/signTx/cmd_signTx.o:(.bss.g_tx_hash_ctx)
da7a013c da7a013c        4     1                 g_tx_hash_ctx
da7a0140 da7a0140        4     4         build/flex/obj/app/src/handle_swap_sign_transaction.o:(.bss.G_swap_crosschain_hash)
da7a0140 da7a0140        4     1                 G_swap_crosschain_hash
da7a0144 da7a0144        1     1         build/flex/obj/app/src/handle_swap_sign_transaction.o:(.bss.G_swap_mode)
da7a0144 da7a0144        1     1                 G_swap_mode
da7a0148 da7a0148        4     4         build/flex/obj/app/src/main.o:(.bss.caller_app)
da7a0148 da7a0148        4     1                 caller_app
da7a014c da7a014c        1     1         build/flex/obj/app/src/main.o:(.bss.appState)
da7a014c da7a014c        1     1                 appState
da7a014d da7a014d        1     1         build/flex/obj/app/src/main.o:(.bss.pluginType)
da7a014d da7a014d        1     1                 pluginType
da7a0150 da7a0150        4     4         build/flex/obj/app/src/main.o:(.bss.eth2WithdrawalIndex)
da7a0150 da7a0150        4     1                 eth2WithdrawalIndex
da7a0154 da7a0154      21c     4         build/flex/obj/app/src/main.o:(.bss.tmpCtx)
da7a0154 da7a0154      21c     1                 tmpCtx
da7a0370 da7a0370       40     4         build/flex/obj/app/src/main.o:(.bss.txContext)
da7a0370 da7a0370       40     1                 txContext
da7a03b0 da7a03b0       c4     1         build/flex/obj/app/src/main.o:(.bss.tmpContent)
da7a03b0 da7a03b0       c4     1                 tmpContent
da7a0474 da7a0474        4     4         build/flex/obj/app/src/main.o:(.bss.chainConfig)
da7a0474 da7a0474        4     1                 chainConfig
da7a0478 da7a0478      448     4         build/flex/obj/app/src/main.o:(.bss.dataContext)
da7a0478 da7a0478      448     1                 dataContext
da7a08c0 da7a08c0      17c     1         build/flex/obj/app/src/main.o:(.bss.strings)
da7a08c0 da7a08c0      17c     1                 strings
da7a0a40 da7a0a40      1a8     8         build/flex/obj/app/src/main.o:(.bss.global_sha3)
da7a0a40 da7a0a40      1a8     1                 global_sha3
da7a0be8 da7a0be8        2     2         build/flex/obj/app/src/main.o:(.bss.apdu_response_code)
da7a0be8 da7a0be8        2     1                 apdu_response_code
da7a0bf0 da7a0bf0     4000     8         build/flex/obj/app/src/mem.o:(.bss.mem_buffer)
da7a0bf0 da7a0bf0     4000     1                 mem_buffer
da7a4bf0 da7a4bf0        4     4         build/flex/obj/app/src/mem.o:(.bss.mem_ctx)
da7a4bf0 da7a4bf0        4     1                 mem_ctx
da7a4bf4 da7a4bf4        8     4         build/flex/obj/app/src/nbgl/ui_approve_tx.o:(.bss..L_MergedGlobals)
da7a4bf4 da7a4bf4        8     1                 .L_MergedGlobals
da7a4bf4 da7a4bf4        4     1                 plugin_buffers
da7a4bf8 da7a4bf8        4     1                 extension
da7a4bfc da7a4bfc        4     4         build/flex/obj/app/src/nbgl/ui_gcs.o:(.bss.index_allocated)
da7a4bfc da7a4bfc        4     1                 index_allocated
da7a4c00 da7a4c00       2c     4         build/flex/obj/app/src/nbgl/ui_home.o:(.bss.warning)
da7a4c00 da7a4c00       2c     1                 warning
da7a4c2c da7a4c2c       54     4         build/flex/obj/app/src/nbgl/ui_home.o:(.bss.switches)
da7a4c2c da7a4c2c       54     1                 switches
da7a4c80 da7a4c80       58     4         build/flex/obj/app/src/nbgl/ui_home.o:(.bss..L_MergedGlobals)
da7a4c80 da7a4c80       58     1                 .L_MergedGlobals
da7a4c80 da7a4c80        4     1                 g_tag_line
da7a4c84 da7a4c84        c     1                 settingContents
da7a4c90 da7a4c90       10     1                 infoList
da7a4ca0 da7a4ca0       38     1                 contents
da7a4cd8 da7a4cd8       10     4         build/flex/obj/app/src/nbgl/ui_safe_account.o:(.bss..L_MergedGlobals)
da7a4cd8 da7a4cd8       10     1                 .L_MergedGlobals
da7a4cd8 da7a4cd8        4     1                 extensions
da7a4cdc da7a4cdc        4     1                 tagValueList
da7a4ce0 da7a4ce0        4     1                 tagValuePairs
da7a4ce4 da7a4ce4        4     1                 signersInfo
da7a4ce8 da7a4ce8        1     1         build/flex/obj/app/src/nbgl/ui_tx_simulation.o:(.bss.g_response_expected)
da7a4ce8 da7a4ce8        1     1                 g_response_expected
da7a4cec da7a4cec        4     4         build/flex/obj/app/src/nbgl/ui_utils.o:(.bss.g_pairs)
da7a4cec da7a4cec        4     1                 g_pairs
da7a4cf0 da7a4cf0        4     4         build/flex/obj/app/src/nbgl/ui_utils.o:(.bss.g_pairsList)
da7a4cf0 da7a4cf0        4     1                 g_pairsList
da7a4cf4 da7a4cf4        4     4         build/flex/obj/app/src/nbgl/ui_utils.o:(.bss.g_titleMsg)
da7a4cf4 da7a4cf4        4     1                 g_titleMsg
da7a4cf8 da7a4cf8        4     4         build/flex/obj/app/src/nbgl/ui_utils.o:(.bss.g_subTitleMsg)
da7a4cf8 da7a4cf8        4     1                 g_subTitleMsg
da7a4cfc da7a4cfc        4     4         build/flex/obj/app/src/nbgl/ui_utils.o:(.bss.g_finishMsg)
da7a4cfc da7a4cfc        4     1                 g_finishMsg
da7a4d00 da7a4d00        8     4         build/flex/obj/app/src/tlv_apdu.o:(.bss..L_MergedGlobals)
da7a4d00 da7a4d00        8     1                 .L_MergedGlobals
da7a4d00 da7a4d00        2     1                 g_tlv_size
da7a4d02 da7a4d02        2     1                 g_tlv_pos
da7a4d04 da7a4d04        4     1                 g_tlv_payload
da7a4d08 da7a4d08      111     1         build/flex/obj/sdk/io/src/os_io.o:(.bss.G_io_tx_buffer)
da7a4d08 da7a4d08      111     1                 G_io_tx_buffer
da7a4e19 da7a4e19      111     1         build/flex/obj/sdk/io/src/os_io.o:(.bss.G_io_rx_buffer)
da7a4e19 da7a4e19      111     1                 G_io_rx_buffer
da7a4f2c da7a4f2c        c     4         build/flex/obj/sdk/io_legacy/src/os_io_legacy.o:(.bss.G_io_app)
da7a4f2c da7a4f2c        c     1                 G_io_app
da7a4f38 da7a4f38        2     1         build/flex/obj/sdk/io_legacy/src/os_io_legacy.o:(.bss..L_MergedGlobals)
da7a4f38 da7a4f38        2     1                 .L_MergedGlobals
da7a4f38 da7a4f38        1     1                 need_to_start_io
da7a4f39 da7a4f39        1     1                 io_os_legacy_apdu_type
da7a4f3c da7a4f3c      21c     4         build/flex/obj/sdk/lib_nbgl/src/nbgl_layout.o:(.bss.gLayout)
da7a4f3c da7a4f3c      21c     1                 gLayout
da7a5158 da7a5158        8     4         build/flex/obj/sdk/lib_nbgl/src/nbgl_layout.o:(.bss..L_MergedGlobals)
da7a5158 da7a5158        8     1                 .L_MergedGlobals
da7a5158 da7a5158        1     1                 nbTouchableControls
da7a515c da7a515c        4     1                 topLayout
da7a5160 da7a5160        b     1         build/flex/obj/sdk/lib_nbgl/src/nbgl_layout_navigation.o:(.bss.navText)
da7a5160 da7a5160        b     1                 navText
da7a516c da7a516c       90     4         build/flex/obj/sdk/lib_nbgl/src/nbgl_use_case.o:(.bss.genericContext)
da7a516c da7a516c       90     1                 genericContext
da7a51fc da7a51fc       a8     4         build/flex/obj/sdk/lib_nbgl/src/nbgl_use_case.o:(.bss.localContentsList)
da7a51fc da7a51fc       a8     1                 localContentsList
da7a52a4 da7a52a4       80     4         build/flex/obj/sdk/lib_nbgl/src/nbgl_use_case.o:(.bss.tmpString)
da7a52a4 da7a52a4       80     1                 tmpString
da7a5324 da7a5324       80     1         build/flex/obj/sdk/lib_nbgl/src/nbgl_use_case.o:(.bss.genericContextPagesInfo)
da7a5324 da7a5324       80     1                 genericContextPagesInfo
da7a53a4 da7a53a4       80     1         build/flex/obj/sdk/lib_nbgl/src/nbgl_use_case.o:(.bss.reducedAddress)
da7a53a4 da7a53a4       80     1                 reducedAddress
da7a5424 da7a5424       7c     4         build/flex/obj/sdk/lib_nbgl/src/nbgl_use_case.o:(.bss..L_MergedGlobals)
da7a5424 da7a5424       7c     1                 .L_MergedGlobals
da7a5424 da7a5424        1     1                 navType
da7a5428 da7a5428        4     1                 onQuit
da7a542c da7a542c        4     1                 onNav
da7a5430 da7a5430        4     1                 onControls
da7a5434 da7a5434        4     1                 pageTitle
da7a5438 da7a5438        4     1                 pageContext
da7a543c da7a543c        4     1                 onChoice
da7a5440 da7a5440        4     1                 onModalConfirm
da7a5444 da7a5444        4     1                 modalPageContext
da7a5448 da7a5448        4     1                 onAction
da7a544c da7a544c        4     1                 onContinue
da7a5450 da7a5450        4     1                 onContentAction
da7a5454 da7a5454       10     1                 detailsContext
da7a5464 da7a5464       10     1                 displayDetailsPage.currentPair
da7a5474 da7a5474       10     1                 modalContextPagesInfo
da7a5484 da7a5484       1c     1                 navInfo
da7a54a0 da7a54a0       60     4         build/flex/obj/sdk/lib_nbgl/src/nbgl_use_case.o:(.bss..L_MergedGlobals.77)
da7a54a0 da7a54a0       60     1                 .L_MergedGlobals.77
da7a54a0 da7a54a0       28     1                 bundleNavContext
da7a54c8 da7a54c8       38     1                 addressConfirmationContext
da7a5500 da7a5500      110     1         build/flex/obj/sdk/lib_standard_app/io.o:(.bss.G_io_seproxyhal_spi_buffer)
da7a5500 da7a5500      110     1                 G_io_seproxyhal_spi_buffer
da7a5610 da7a5610        1     1         build/flex/obj/sdk/lib_standard_app/io.o:(.bss.need_to_start_io)
da7a5610 da7a5610        1     1                 need_to_start_io
da7a5614 da7a5614       20     4         build/flex/obj/sdk/lib_standard_app/main.o:(.bss.G_ux_params)
da7a5614 da7a5614       20     1                 G_ux_params
da7a5634 da7a5634        1     1         build/flex/obj/sdk/lib_standard_app/swap_utils.o:(.bss.G_called_from_swap)
da7a5634 da7a5634        1     1                 G_called_from_swap
da7a5635 da7a5635        1     1         build/flex/obj/sdk/lib_standard_app/swap_utils.o:(.bss.G_swap_response_ready)
da7a5635 da7a5635        1     1                 G_swap_response_ready
da7a5638 da7a5638        4     4         build/flex/obj/sdk/lib_standard_app/swap_utils.o:(.bss.G_swap_signing_return_value_address)
da7a5638 da7a5638        4     1                 G_swap_signing_return_value_address
da7a563c da7a563c        1     1         build/flex/obj/sdk/lib_u2f_legacy/src/u2f_legacy.o:(.bss.G_io_u2f)
da7a563c da7a563c        1     1                 G_io_u2f
da7a5640 da7a5640        a     4         build/flex/obj/sdk/lib_ux_nbgl/ux.o:(.bss..L_MergedGlobals)
da7a5640 da7a5640        a     1                 .L_MergedGlobals
da7a5640 da7a5640        4     1                 nbTicks
da7a5644 da7a5644        6     1                 pos
da7a564a da7a564a        0     1         _ebss = .
da7a564a da7a564a        2     1         . = ALIGN ( 4 )
da7a564c da7a564c        0     1         app_stack_canary = .
da7a564c da7a564c        4     1         . += 4
da7a5650 da7a5650        0     1         _stack = .
da7a5650 da7a5650        0     1         _estack = ABSOLUTE ( END_STACK )
da7a5650 da7a5650        0     1 
d0000000 d0000000       10     4 DEBUG
d0000000 d0000000       10     4         <internal>:(.ARM.exidx)
       0        0       5d     1 .comment
       0        0       5d     1         <internal>:(.comment)
       0        0        4     1 ledger.target
       0        0        4     1         build/flex/obj/sdk/src/app_metadata.o:(ledger.target)
       0        0        4     1                 target
       0        0        b     1 ledger.target_name
       0        0        b     1         build/flex/obj/sdk/src/app_metadata.o:(ledger.target_name)
       0        0        b     1                 target_name
       0        0        a     1 ledger.target_id
       0        0        a     1         build/flex/obj/sdk/src/app_metadata.o:(ledger.target_id)
       0        0        a     1                 target_id
       0        0        8     1 ledger.app_name
       0        0        8     1         build/flex/obj/sdk/src/app_metadata.o:(ledger.app_name)
       0        0        8     1                 app_name
       0        0        a     1 ledger.app_version
       0        0        a     1         build/flex/obj/sdk/src/app_metadata.o:(ledger.app_version)
       0        0        a     1                 app_version
       0        0        2     1 ledger.api_level
       0        0        2     1         build/flex/obj/sdk/src/app_metadata.o:(ledger.api_level)
       0        0        2     1                 api_level
       0        0       11     1 ledger.sdk_name
       0        0       11     1         build/flex/obj/sdk/src/app_metadata.o:(ledger.sdk_name)
       0        0       11     1                 sdk_name
       0        0        8     1 ledger.sdk_version
       0        0        8     1         build/flex/obj/sdk/src/app_metadata.o:(ledger.sdk_version)
       0        0        8     1                 sdk_version
       0        0       28     1 ledger.sdk_hash
       0        0       28     1         build/flex/obj/sdk/src/app_metadata.o:(ledger.sdk_hash)
       0        0       28     1                 sdk_hash
       0        0        4     1 ledger.sdk_graphics
       0        0        4     1         build/flex/obj/sdk/src/app_metadata.o:(ledger.sdk_graphics)
       0        0        4     1                 sdk_graphics
       0        0        5     1 ledger.app_flags
       0        0        5     1         build/flex/obj/sdk/src/app_metadata.o:(ledger.app_flags)
       0        0        5     1                 app_flags
d0000010 d0000010        0     1 PROVIDE ( _nvram = ABSOLUTE ( _nvram_start ) )
d0000010 d0000010        0     1 PROVIDE ( _envram = ABSOLUTE ( _nvram_end ) )
       0        0       45     1 .ARM.attributes
       0        0       45     1         build/flex/gen_src/glyphs.o:(.ARM.attributes)
       0        0     c4e0     4 .symtab
       0        0     c4e0     4         <internal>:(.symtab)
       0        0      109     1 .shstrtab
       0        0      109     1         <internal>:(.shstrtab)
       0        0     9c6f     1 .strtab
       0        0     9c6f     1         <internal>:(.strtab)
